<html>
<body>
<pre>
<h1>µVision Build Log</h1>
<h2>Tool Versions:</h2>
IDE-Version: £gVision V5.27.1.0
Copyright (C) 2019 ARM Ltd and ARM Germany GmbH. All rights reserved.
License Information: kim huang, kimi, LIC=MPPFW-QKFMW-HK0BD-8Q6YK-ML320-EYCNR
 
Tool Versions:
Toolchain:       MDK-ARM Plus  Version: 5.27.1.0
Toolchain Path:  C:\Keil_v5\ARM\ARMCC\Bin
C Compiler:      Armcc.exe V5.06 update 6 (build 750)
Assembler:       Armasm.exe V5.06 update 6 (build 750)
Linker/Locator:  ArmLink.exe V5.06 update 6 (build 750)
Library Manager: ArmAr.exe V5.06 update 6 (build 750)
Hex Converter:   FromElf.exe V5.06 update 6 (build 750)
CPU DLL:         SARMCM3.DLL V5.27.1.0
Dialog DLL:      DCM.DLL V1.17.2.0
Target DLL:      Segger\JL2CM3.dll V2.99.35.0
Dialog DLL:      TCM.DLL V1.36.1.0
 
<h2>Project:</h2>
C:\AmbiqMicro\AmbiqSuite-Rel2.4.2\boards\apollo3_evb\examples\spi_boot_host\keil\uart_boot_host.uvprojx
Project File Date:  04/30/2020

<h2>Output:</h2>
*** Using Compiler 'V5.06 update 6 (build 750)', folder: 'C:\Keil_v5\ARM\ARMCC\Bin'
Build target 'uart_boot_host'
compiling startup_keil.s...
compiling uart_boot_host.c...
linking...
Program Size: Code=17160 RO-data=15564 RW-data=164 ZI-data=47980  
After Build - User command #1: fromelf --bin --output bin\uart_boot_host.bin bin\uart_boot_host.axf
After Build - User command #2: fromelf -cedrst --output bin\uart_boot_host.txt bin\uart_boot_host.axf
".\bin\uart_boot_host.axf" - 0 Error(s), 0 Warning(s).

<h2>Software Packages used:</h2>

Package Vendor: AmbiqMicro
                http://s3.asia.ambiqmicro.com/pack/AmbiqMicro.Apollo_DFP.1.1.3.pack
                AmbiqMicro.Apollo_DFP.1.1.3
                Ambiq Micro Apollo Series Device Support

<h2>Collection of Component include folders:</h2>
  .\RTE\_uart_boot_host
  C:\Keil_v5\ARM\PACK\AmbiqMicro\Apollo_DFP\1.1.3\Device\Include

<h2>Collection of Component Files used:</h2>
Build Time Elapsed:  00:00:03
</pre>
</body>
</html>
