Component: ARM Compiler 5.06 update 6 (build 750) Tool: armlink [4d35ed]

==============================================================================

Section Cross References

    uart_boot_host.o(i.USE_SPI_get) refers to am_hal_gpio.o(i.am_hal_gpio_pinconfig) for am_hal_gpio_pinconfig
    uart_boot_host.o(i.USE_SPI_get) refers to am_util_delay.o(i.am_util_delay_us) for am_util_delay_us
    uart_boot_host.o(i.USE_SPI_get) refers to am_hal_gpio.o(i.am_hal_gpio_state_read) for am_hal_gpio_state_read
    uart_boot_host.o(i.USE_SPI_get) refers to am_hal_gpio.o(.constdata) for g_AM_HAL_GPIO_INPUT_PULLUP
    uart_boot_host.o(i.USE_SPI_get) refers to am_hal_gpio.o(.constdata) for g_AM_HAL_GPIO_DISABLE
    uart_boot_host.o(i.am_gpio_isr) refers to am_hal_gpio.o(i.am_hal_gpio_interrupt_status_get) for am_hal_gpio_interrupt_status_get
    uart_boot_host.o(i.am_gpio_isr) refers to am_hal_gpio.o(i.am_hal_gpio_interrupt_clear) for am_hal_gpio_interrupt_clear
    uart_boot_host.o(i.am_gpio_isr) refers to am_hal_gpio.o(i.am_hal_gpio_interrupt_service) for am_hal_gpio_interrupt_service
    uart_boot_host.o(i.am_uart_isr) refers to am_hal_uart.o(i.am_hal_uart_interrupt_status_get) for am_hal_uart_interrupt_status_get
    uart_boot_host.o(i.am_uart_isr) refers to am_hal_uart.o(i.am_hal_uart_interrupt_clear) for am_hal_uart_interrupt_clear
    uart_boot_host.o(i.am_uart_isr) refers to am_hal_uart.o(i.am_hal_uart_interrupt_service) for am_hal_uart_interrupt_service
    uart_boot_host.o(i.am_uart_isr) refers to rt_memcpy_w.o(.text) for __aeabi_memcpy4
    uart_boot_host.o(i.am_uart_isr) refers to am_hal_uart.o(i.am_hal_uart_transfer) for am_hal_uart_transfer
    uart_boot_host.o(i.am_uart_isr) refers to uart_boot_host.o(.data) for g_pvUART
    uart_boot_host.o(i.am_uart_isr) refers to uart_boot_host.o(.constdata) for .constdata
    uart_boot_host.o(i.am_uart_isr) refers to uart_boot_host.o(.bss) for g_psWriteData
    uart_boot_host.o(i.hostint_handler) refers to uart_boot_host.o(.data) for bIosInt
    uart_boot_host.o(i.iom_set_up) refers to am_hal_iom.o(i.am_hal_iom_initialize) for am_hal_iom_initialize
    uart_boot_host.o(i.iom_set_up) refers to am_hal_iom.o(i.am_hal_iom_power_ctrl) for am_hal_iom_power_ctrl
    uart_boot_host.o(i.iom_set_up) refers to am_hal_iom.o(i.am_hal_iom_configure) for am_hal_iom_configure
    uart_boot_host.o(i.iom_set_up) refers to am_bsp.o(i.am_bsp_iom_pins_enable) for am_bsp_iom_pins_enable
    uart_boot_host.o(i.iom_set_up) refers to am_hal_iom.o(i.am_hal_iom_enable) for am_hal_iom_enable
    uart_boot_host.o(i.iom_set_up) refers to am_hal_gpio.o(i.am_hal_gpio_pinconfig) for am_hal_gpio_pinconfig
    uart_boot_host.o(i.iom_set_up) refers to am_hal_gpio.o(i.am_hal_gpio_interrupt_clear) for am_hal_gpio_interrupt_clear
    uart_boot_host.o(i.iom_set_up) refers to am_hal_gpio.o(i.am_hal_gpio_interrupt_register) for am_hal_gpio_interrupt_register
    uart_boot_host.o(i.iom_set_up) refers to am_hal_gpio.o(i.am_hal_gpio_interrupt_enable) for am_hal_gpio_interrupt_enable
    uart_boot_host.o(i.iom_set_up) refers to uart_boot_host.o(i.__NVIC_EnableIRQ) for __NVIC_EnableIRQ
    uart_boot_host.o(i.iom_set_up) refers to uart_boot_host.o(.data) for g_IOMHandle
    uart_boot_host.o(i.iom_set_up) refers to uart_boot_host.o(i.hostint_handler) for hostint_handler
    uart_boot_host.o(i.iom_slave_read) refers to am_hal_iom.o(i.am_hal_iom_blocking_transfer) for am_hal_iom_blocking_transfer
    uart_boot_host.o(i.iom_slave_read) refers to uart_boot_host.o(.data) for g_IOMHandle
    uart_boot_host.o(i.iom_slave_write) refers to am_hal_iom.o(i.am_hal_iom_blocking_transfer) for am_hal_iom_blocking_transfer
    uart_boot_host.o(i.iom_slave_write) refers to uart_boot_host.o(.data) for g_IOMHandle
    uart_boot_host.o(i.main) refers to am_hal_clkgen.o(i.am_hal_clkgen_control) for am_hal_clkgen_control
    uart_boot_host.o(i.main) refers to am_bsp.o(i.am_bsp_low_power_init) for am_bsp_low_power_init
    uart_boot_host.o(i.main) refers to uart_boot_host.o(i.USE_SPI_get) for USE_SPI_get
    uart_boot_host.o(i.main) refers to am_bsp.o(i.am_bsp_itm_printf_enable) for am_bsp_itm_printf_enable
    uart_boot_host.o(i.main) refers to am_util_stdio.o(i.am_util_stdio_printf) for am_util_stdio_printf
    uart_boot_host.o(i.main) refers to uart_boot_host.o(i.start_boot_mode) for start_boot_mode
    uart_boot_host.o(i.main) refers to uart_boot_host.o(i.iom_set_up) for iom_set_up
    uart_boot_host.o(i.main) refers to uart_boot_host.o(i.uart_set_up) for uart_set_up
    uart_boot_host.o(i.main) refers to am_hal_gpio.o(i.am_hal_gpio_state_write) for am_hal_gpio_state_write
    uart_boot_host.o(i.main) refers to am_util_delay.o(i.am_util_delay_ms) for am_util_delay_ms
    uart_boot_host.o(i.main) refers to uart_boot_host.o(i.send_hello) for send_hello
    uart_boot_host.o(i.main) refers to uart_boot_host.o(i.iom_slave_read) for iom_slave_read
    uart_boot_host.o(i.main) refers to rt_memcpy_w.o(.text) for __aeabi_memcpy4
[...]
    ../clib/signal.c                         0x00000000   Number         0  defsig_rtmem_outer.o ABSOLUTE
    ../clib/signal.c                         0x00000000   Number         0  defsig_abrt_inner.o ABSOLUTE
    ../clib/signal.c                         0x00000000   Number         0  __raise.o ABSOLUTE
    ../clib/signal.c                         0x00000000   Number         0  defsig_rtmem_inner.o ABSOLUTE
    ../clib/signal.c                         0x00000000   Number         0  defsig_other.o ABSOLUTE
    ../clib/signal.c                         0x00000000   Number         0  defsig_segv_inner.o ABSOLUTE
    ../clib/signal.c                         0x00000000   Number         0  defsig_cppl_inner.o ABSOLUTE
    ../clib/signal.c                         0x00000000   Number         0  defsig_rtmem_formal.o ABSOLUTE
    ../clib/signal.c                         0x00000000   Number         0  defsig_pvfn_inner.o ABSOLUTE
    ../clib/signal.c                         0x00000000   Number         0  defsig_stak_inner.o ABSOLUTE
    ../clib/signal.c                         0x00000000   Number         0  defsig_rtred_inner.o ABSOLUTE
    ../clib/signal.c                         0x00000000   Number         0  defsig_exit.o ABSOLUTE
    ../clib/signal.c                         0x00000000   Number         0  defsig_fpe_inner.o ABSOLUTE
    ../clib/signal.c                         0x00000000   Number         0  defsig_general.o ABSOLUTE
    ../clib/signal.s                         0x00000000   Number         0  defsig.o ABSOLUTE
    ../clib/stdlib.c                         0x00000000   Number         0  exit.o ABSOLUTE
    ../fplib/d2f.s                           0x00000000   Number         0  d2f.o ABSOLUTE
    ../fplib/dnaninf.s                       0x00000000   Number         0  dnaninf.o ABSOLUTE
    ../fplib/fpinit.s                        0x00000000   Number         0  fpinit.o ABSOLUTE
    ../fplib/fretinf.s                       0x00000000   Number         0  fretinf.o ABSOLUTE
    ../fplib/usenofp.s                       0x00000000   Number         0  usenofp.o ABSOLUTE
    ../keil/startup_keil.s                   0x00000000   Number         0  startup_keil.o ABSOLUTE
    ../src/uart_boot_host.c                  0x00000000   Number         0  uart_boot_host.o ABSOLUTE
    ..\..\..\..\..\utils\am_util_delay.c     0x00000000   Number         0  am_util_delay.o ABSOLUTE
    ..\..\..\..\..\utils\am_util_faultisr.c  0x00000000   Number         0  am_util_faultisr.o ABSOLUTE
    ..\am_bsp.c                              0x00000000   Number         0  am_bsp.o ABSOLUTE
    ..\am_bsp_pins.c                         0x00000000   Number         0  am_bsp_pins.o ABSOLUTE
    ..\am_hal_cachectrl.c                    0x00000000   Number         0  am_hal_cachectrl.o ABSOLUTE
    ..\am_hal_clkgen.c                       0x00000000   Number         0  am_hal_clkgen.o ABSOLUTE
    ..\am_hal_cmdq.c                         0x00000000   Number         0  am_hal_cmdq.o ABSOLUTE
    ..\am_hal_flash.c                        0x00000000   Number         0  am_hal_flash.o ABSOLUTE
    ..\am_hal_global.c                       0x00000000   Number         0  am_hal_global.o ABSOLUTE
    ..\am_hal_gpio.c                         0x00000000   Number         0  am_hal_gpio.o ABSOLUTE
    ..\am_hal_interrupt.c                    0x00000000   Number         0  am_hal_interrupt.o ABSOLUTE
    ..\am_hal_iom.c                          0x00000000   Number         0  am_hal_iom.o ABSOLUTE
    ..\am_hal_itm.c                          0x00000000   Number         0  am_hal_itm.o ABSOLUTE
    ..\am_hal_mcuctrl.c                      0x00000000   Number         0  am_hal_mcuctrl.o ABSOLUTE
    ..\am_hal_pwrctrl.c                      0x00000000   Number         0  am_hal_pwrctrl.o ABSOLUTE
    ..\am_hal_queue.c                        0x00000000   Number         0  am_hal_queue.o ABSOLUTE
    ..\am_hal_reset.c                        0x00000000   Number         0  am_hal_reset.o ABSOLUTE
    ..\am_hal_rtc.c                          0x00000000   Number         0  am_hal_rtc.o ABSOLUTE
    ..\am_hal_security.c                     0x00000000   Number         0  am_hal_security.o ABSOLUTE
    ..\am_hal_tpiu.c                         0x00000000   Number         0  am_hal_tpiu.o ABSOLUTE
    ..\am_hal_uart.c                         0x00000000   Number         0  am_hal_uart.o ABSOLUTE
    ..\src\img_data.s                        0x00000000   Number         0  img_data.o ABSOLUTE
    ..\src\uart_boot_host.c                  0x00000000   Number         0  uart_boot_host.o ABSOLUTE
    dc.s                                     0x00000000   Number         0  dc.o ABSOLUTE
    RESET                                    0x0000c000   Section      312  startup_keil.o(RESET)
    $v0                                      0x0000c100   Number         0  startup_keil.o(RESET)
    !!!main                                  0x0000c138   Section        8  __main.o(!!!main)
    !!!scatter                               0x0000c140   Section       52  __scatter.o(!!!scatter)
    !!handler_copy                           0x0000c174   Section       26  __scatter_copy.o(!!handler_copy)
    !!handler_zi                             0x0000c190   Section       28  __scatter_zi.o(!!handler_zi)
    .ARM.Collect$$libinit$$00000000          0x0000c1ac   Section        2  libinit.o(.ARM.Collect$$libinit$$00000000)
    .ARM.Collect$$libinit$$00000001          0x0000c1ae   Section        4  libinit2.o(.ARM.Collect$$libinit$$00000001)
    .ARM.Collect$$libinit$$00000004          0x0000c1b2   Section        0  libinit2.o(.ARM.Collect$$libinit$$00000004)
    .ARM.Collect$$libinit$$0000000A          0x0000c1b2   Section        0  libinit2.o(.ARM.Collect$$libinit$$0000000A)
    .ARM.Collect$$libinit$$0000000C          0x0000c1b2   Section        0  libinit2.o(.ARM.Collect$$libinit$$0000000C)
    .ARM.Collect$$libinit$$0000000E          0x0000c1b2   Section        0  libinit2.o(.ARM.Collect$$libinit$$0000000E)
    .ARM.Collect$$libinit$$00000011          0x0000c1b2   Section        0  libinit2.o(.ARM.Collect$$libinit$$00000011)
    .ARM.Collect$$libinit$$00000013          0x0000c1b2   Section        0  libinit2.o(.ARM.Collect$$libinit$$00000013)
    .ARM.Collect$$libinit$$00000015          0x0000c1b2   Section        0  libinit2.o(.ARM.Collect$$libinit$$00000015)
    .ARM.Collect$$libinit$$00000017          0x0000c1b2   Section        0  libinit2.o(.ARM.Collect$$libinit$$00000017)
    .ARM.Collect$$libinit$$00000019          0x0000c1b2   Section        0  libinit2.o(.ARM.Collect$$libinit$$00000019)
    .ARM.Collect$$libinit$$0000001B          0x0000c1b2   Section        0  libinit2.o(.ARM.Collect$$libinit$$0000001B)
    .ARM.Collect$$libinit$$0000001D          0x0000c1b2   Section        0  libinit2.o(.ARM.Collect$$libinit$$0000001D)
    .ARM.Collect$$libinit$$0000001F          0x0000c1b2   Section        0  libinit2.o(.ARM.Collect$$libinit$$0000001F)
    .ARM.Collect$$libinit$$00000021          0x0000c1b2   Section        0  libinit2.o(.ARM.Collect$$libinit$$00000021)
    .ARM.Collect$$libinit$$00000023          0x0000c1b2   Section        0  libinit2.o(.ARM.Collect$$libinit$$00000023)
    .ARM.Collect$$libinit$$00000025          0x0000c1b2   Section        0  libinit2.o(.ARM.Collect$$libinit$$00000025)
    .ARM.Collect$$libinit$$0000002C          0x0000c1b2   Section        0  libinit2.o(.ARM.Collect$$libinit$$0000002C)
    .ARM.Collect$$libinit$$0000002E          0x0000c1b2   Section        0  libinit2.o(.ARM.Collect$$libinit$$0000002E)
    .ARM.Collect$$libinit$$00000030          0x0000c1b2   Section        0  libinit2.o(.ARM.Collect$$libinit$$00000030)
    .ARM.Collect$$libinit$$00000032          0x0000c1b2   Section        0  libinit2.o(.ARM.Collect$$libinit$$00000032)
    .ARM.Collect$$libinit$$00000033          0x0000c1b2   Section        2  libinit2.o(.ARM.Collect$$libinit$$00000033)
    .ARM.Collect$$libshutdown$$00000000      0x0000c1b4   Section        2  libshutdown.o(.ARM.Collect$$libshutdown$$00000000)
    .ARM.Collect$$libshutdown$$00000002      0x0000c1b6   Section        0  libshutdown2.o(.ARM.Collect$$libshutdown$$00000002)
    .ARM.Collect$$libshutdown$$00000004      0x0000c1b6   Section        0  libshutdown2.o(.ARM.Collect$$libshutdown$$00000004)
    .ARM.Collect$$libshutdown$$00000007      0x0000c1b6   Section        0  libshutdown2.o(.ARM.Collect$$libshutdown$$00000007)
    .ARM.Collect$$libshutdown$$0000000A      0x0000c1b6   Section        0  libshutdown2.o(.ARM.Collect$$libshutdown$$0000000A)
    .ARM.Collect$$libshutdown$$0000000C      0x0000c1b6   Section        0  libshutdown2.o(.ARM.Collect$$libshutdown$$0000000C)
    .ARM.Collect$$libshutdown$$0000000F      0x0000c1b6   Section        0  libshutdown2.o(.ARM.Collect$$libshutdown$$0000000F)
    .ARM.Collect$$libshutdown$$00000010      0x0000c1b6   Section        2  libshutdown2.o(.ARM.Collect$$libshutdown$$00000010)
    .ARM.Collect$$rtentry$$00000000          0x0000c1b8   Section        0  __rtentry.o(.ARM.Collect$$rtentry$$00000000)
    .ARM.Collect$$rtentry$$00000002          0x0000c1b8   Section        0  __rtentry2.o(.ARM.Collect$$rtentry$$00000002)
    .ARM.Collect$$rtentry$$00000004          0x0000c1b8   Section        6  __rtentry4.o(.ARM.Collect$$rtentry$$00000004)
    .ARM.Collect$$rtentry$$00000009          0x0000c1be   Section        0  __rtentry2.o(.ARM.Collect$$rtentry$$00000009)
    .ARM.Collect$$rtentry$$0000000A          0x0000c1be   Section        4  __rtentry2.o(.ARM.Collect$$rtentry$$0000000A)
    .ARM.Collect$$rtentry$$0000000C          0x0000c1c2   Section        0  __rtentry2.o(.ARM.Collect$$rtentry$$0000000C)
    .ARM.Collect$$rtentry$$0000000D          0x0000c1c2   Section        8  __rtentry2.o(.ARM.Collect$$rtentry$$0000000D)
    .ARM.Collect$$rtexit$$00000000           0x0000c1ca   Section        2  rtexit.o(.ARM.Collect$$rtexit$$00000000)
    .ARM.Collect$$rtexit$$00000002           0x0000c1cc   Section        0  rtexit2.o(.ARM.Collect$$rtexit$$00000002)
    .ARM.Collect$$rtexit$$00000003           0x0000c1cc   Section        4  rtexit2.o(.ARM.Collect$$rtexit$$00000003)
    .ARM.Collect$$rtexit$$00000004           0x0000c1d0   Section        6  rtexit2.o(.ARM.Collect$$rtexit$$00000004)
    .emb_text                                0x0000c1d8   Section       34  am_util_faultisr.o(.emb_text)
    $v0                                      0x0000c1d8   Number         0  am_util_faultisr.o(.emb_text)
    .emb_text                                0x0000c1fc   Section       22  am_hal_interrupt.o(.emb_text)
    $v0                                      0x0000c1fc   Number         0  am_hal_interrupt.o(.emb_text)
    .text                                    0x0000c214   Section       24  startup_keil.o(.text)
    $v0                                      0x0000c214   Number         0  startup_keil.o(.text)
    .text                                    0x0000c22c   Section       38  llushr.o(.text)
    .text                                    0x0000c252   Section      138  rt_memcpy_v6.o(.text)
    .text                                    0x0000c2dc   Section      100  rt_memcpy_w.o(.text)
    .text                                    0x0000c340   Section       78  rt_memclr_w.o(.text)
    .text                                    0x0000c38e   Section        0  heapauxi.o(.text)
    .text                                    0x0000c394   Section       74  sys_stackheap_outer.o(.text)
    .text                                    0x0000c3de   Section        0  exit.o(.text)
    .text                                    0x0000c3f0   Section        8  libspace.o(.text)
    .text                                    0x0000c3f8   Section        0  sys_exit.o(.text)
    .text                                    0x0000c404   Section        2  use_no_semi.o(.text)
    .text                                    0x0000c406   Section        0  indicate_semi.o(.text)
    i.USE_SPI_get                            0x0000c408   Section        0  uart_boot_host.o(i.USE_SPI_get)
    USE_SPI_get                              0x0000c409   Thumb Code    50  uart_boot_host.o(i.USE_SPI_get)
    i.__NVIC_EnableIRQ                       0x0000c444   Section        0  uart_boot_host.o(i.__NVIC_EnableIRQ)
    __NVIC_EnableIRQ                         0x0000c445   Thumb Code    34  uart_boot_host.o(i.__NVIC_EnableIRQ)
    i.am_bsp_iom_pins_enable                 0x0000c468   Section        0  am_bsp.o(i.am_bsp_iom_pins_enable)
    i.am_bsp_itm_printf_enable               0x0000c6c0   Section        0  am_bsp.o(i.am_bsp_itm_printf_enable)
    i.am_bsp_low_power_init                  0x0000c6fc   Section        0  am_bsp.o(i.am_bsp_low_power_init)
    i.am_gpio_isr                            0x0000c740   Section        0  uart_boot_host.o(i.am_gpio_isr)
    i.am_hal_cachectrl_control               0x0000c75c   Section        0  am_hal_cachectrl.o(i.am_hal_cachectrl_control)
    i.am_hal_clkgen_control                  0x0000ca2c   Section        0  am_hal_clkgen.o(i.am_hal_clkgen_control)
    i.am_hal_clkgen_status_get               0x0000cb28   Section        0  am_hal_clkgen.o(i.am_hal_clkgen_status_get)
    i.am_hal_cmdq_enable                     0x0000cb5c   Section        0  am_hal_cmdq.o(i.am_hal_cmdq_enable)
    i.am_hal_cmdq_init                       0x0000cb9c   Section        0  am_hal_cmdq.o(i.am_hal_cmdq_init)
    i.am_hal_crc32                           0x0000cc8c   Section        0  am_hal_security.o(i.am_hal_crc32)
    i.am_hal_flash_delay                     0x0000cda8   Section        0  am_hal_flash.o(i.am_hal_flash_delay)
    i.am_hal_flash_delay_status_change       0x0000cdcc   Section        0  am_hal_flash.o(i.am_hal_flash_delay_status_change)
    i.am_hal_flash_delay_status_check        0x0000ce1c   Section        0  am_hal_flash.o(i.am_hal_flash_delay_status_check)
    i.am_hal_flash_load_ui32                 0x0000ce78   Section        0  am_hal_flash.o(i.am_hal_flash_load_ui32)
    i.am_hal_flash_store_ui32                0x0000ce80   Section        0  am_hal_flash.o(i.am_hal_flash_store_ui32)
    i.am_hal_gpio_interrupt_clear            0x0000cea8   Section        0  am_hal_gpio.o(i.am_hal_gpio_interrupt_clear)
    i.am_hal_gpio_interrupt_enable           0x0000cedc   Section        0  am_hal_gpio.o(i.am_hal_gpio_interrupt_enable)
    i.am_hal_gpio_interrupt_register         0x0000cf1c   Section        0  am_hal_gpio.o(i.am_hal_gpio_interrupt_register)
    i.am_hal_gpio_interrupt_service          0x0000cf3c   Section        0  am_hal_gpio.o(i.am_hal_gpio_interrupt_service)
    i.am_hal_gpio_interrupt_status_get       0x0000cfcc   Section        0  am_hal_gpio.o(i.am_hal_gpio_interrupt_status_get)
    i.am_hal_gpio_pinconfig                  0x0000d020   Section        0  am_hal_gpio.o(i.am_hal_gpio_pinconfig)
    i.am_hal_gpio_state_read                 0x0000d2a0   Section        0  am_hal_gpio.o(i.am_hal_gpio_state_read)
    i.am_hal_gpio_state_write                0x0000d2fa   Section        0  am_hal_gpio.o(i.am_hal_gpio_state_write)
    i.am_hal_iom_blocking_transfer           0x0000d37c   Section        0  am_hal_iom.o(i.am_hal_iom_blocking_transfer)
    i.am_hal_iom_configure                   0x0000d69c   Section        0  am_hal_iom.o(i.am_hal_iom_configure)
    i.am_hal_iom_enable                      0x0000d944   Section        0  am_hal_iom.o(i.am_hal_iom_enable)
    i.am_hal_iom_initialize                  0x0000da44   Section        0  am_hal_iom.o(i.am_hal_iom_initialize)
    i.am_hal_iom_power_ctrl                  0x0000da98   Section        0  am_hal_iom.o(i.am_hal_iom_power_ctrl)
    i.am_hal_itm_enable                      0x0000dd74   Section        0  am_hal_itm.o(i.am_hal_itm_enable)
    i.am_hal_itm_print                       0x0000ddbc   Section        0  am_hal_itm.o(i.am_hal_itm_print)
    i.am_hal_mcuctrl_info_get                0x0000ddec   Section        0  am_hal_mcuctrl.o(i.am_hal_mcuctrl_info_get)
    i.am_hal_pwrctrl_low_power_init          0x0000df24   Section        0  am_hal_pwrctrl.o(i.am_hal_pwrctrl_low_power_init)
    i.am_hal_pwrctrl_periph_disable          0x0000e0c0   Section        0  am_hal_pwrctrl.o(i.am_hal_pwrctrl_periph_disable)
    i.am_hal_pwrctrl_periph_enable           0x0000e110   Section        0  am_hal_pwrctrl.o(i.am_hal_pwrctrl_periph_enable)
    i.am_hal_queue_init                      0x0000e160   Section        0  am_hal_queue.o(i.am_hal_queue_init)
    i.am_hal_queue_item_add                  0x0000e176   Section        0  am_hal_queue.o(i.am_hal_queue_item_add)
    i.am_hal_queue_item_get                  0x0000e21a   Section        0  am_hal_queue.o(i.am_hal_queue_item_get)
    i.am_hal_rtc_osc_disable                 0x0000e2b2   Section        0  am_hal_rtc.o(i.am_hal_rtc_osc_disable)
    i.am_hal_tpiu_enable                     0x0000e2c4   Section        0  am_hal_tpiu.o(i.am_hal_tpiu_enable)
    i.am_hal_uart_configure                  0x0000e354   Section        0  am_hal_uart.o(i.am_hal_uart_configure)
    i.am_hal_uart_initialize                 0x0000e5ac   Section        0  am_hal_uart.o(i.am_hal_uart_initialize)
    i.am_hal_uart_interrupt_clear            0x0000e600   Section        0  am_hal_uart.o(i.am_hal_uart_interrupt_clear)
    i.am_hal_uart_interrupt_enable           0x0000e630   Section        0  am_hal_uart.o(i.am_hal_uart_interrupt_enable)
    i.am_hal_uart_interrupt_service          0x0000e664   Section        0  am_hal_uart.o(i.am_hal_uart_interrupt_service)
    i.am_hal_uart_interrupt_status_get       0x0000e7d0   Section        0  am_hal_uart.o(i.am_hal_uart_interrupt_status_get)
    i.am_hal_uart_power_control              0x0000e80c   Section        0  am_hal_uart.o(i.am_hal_uart_power_control)
    i.am_hal_uart_transfer                   0x0000e8f8   Section        0  am_hal_uart.o(i.am_hal_uart_transfer)
    i.am_uart_isr                            0x0000ec4c   Section        0  uart_boot_host.o(i.am_uart_isr)
    i.am_util_delay_ms                       0x0000ed10   Section        0  am_util_delay.o(i.am_util_delay_ms)
    i.am_util_delay_us                       0x0000ed30   Section        0  am_util_delay.o(i.am_util_delay_us)
    i.am_util_faultisr_collect_data          0x0000ed54   Section        0  am_util_faultisr.o(i.am_util_faultisr_collect_data)
    i.am_util_stdio_printf                   0x0000ee0c   Section        0  am_util_stdio.o(i.am_util_stdio_printf)
    i.am_util_stdio_printf_init              0x0000ee48   Section        0  am_util_stdio.o(i.am_util_stdio_printf_init)
    i.am_util_stdio_vsprintf                 0x0000ee54   Section        0  am_util_stdio.o(i.am_util_stdio_vsprintf)
    i.decstr_to_int                          0x0000f208   Section        0  am_util_stdio.o(i.decstr_to_int)
    decstr_to_int                            0x0000f209   Thumb Code    66  am_util_stdio.o(i.decstr_to_int)
    i.divu64_10                              0x0000f24a   Section        0  am_util_stdio.o(i.divu64_10)
    divu64_10                                0x0000f24b   Thumb Code   204  am_util_stdio.o(i.divu64_10)
    i.ftoa                                   0x0000f318   Section        0  am_util_stdio.o(i.ftoa)
    ftoa                                     0x0000f319   Thumb Code   370  am_util_stdio.o(i.ftoa)
    i.hostint_handler                        0x0000f490   Section        0  uart_boot_host.o(i.hostint_handler)
    hostint_handler                          0x0000f491   Thumb Code     8  uart_boot_host.o(i.hostint_handler)
    i.internal_iom_reset_on_error            0x0000f49c   Section        0  am_hal_iom.o(i.internal_iom_reset_on_error)
    internal_iom_reset_on_error              0x0000f49d   Thumb Code   294  am_hal_iom.o(i.internal_iom_reset_on_error)
    i.iom_set_up                             0x0000f5c8   Section        0  uart_boot_host.o(i.iom_set_up)
    iom_set_up                               0x0000f5c9   Thumb Code   142  uart_boot_host.o(i.iom_set_up)
    i.iom_slave_read                         0x0000f66c   Section        0  uart_boot_host.o(i.iom_slave_read)
    i.iom_slave_write                        0x0000f6b0   Section        0  uart_boot_host.o(i.iom_slave_write)
    i.main                                   0x0000f6f4   Section        0  uart_boot_host.o(i.main)
    i.ndigits_in_hex                         0x0000fc2c   Section        0  am_util_stdio.o(i.ndigits_in_hex)
    ndigits_in_hex                           0x0000fc2d   Thumb Code    52  am_util_stdio.o(i.ndigits_in_hex)
    i.ndigits_in_i64                         0x0000fc60   Section        0  am_util_stdio.o(i.ndigits_in_i64)
    ndigits_in_i64                           0x0000fc61   Thumb Code    36  am_util_stdio.o(i.ndigits_in_i64)
    i.ndigits_in_u64                         0x0000fc84   Section        0  am_util_stdio.o(i.ndigits_in_u64)
    ndigits_in_u64                           0x0000fc85   Thumb Code    58  am_util_stdio.o(i.ndigits_in_u64)
    i.padbuffer                              0x0000fcbe   Section        0  am_util_stdio.o(i.padbuffer)
    padbuffer                                0x0000fcbf   Thumb Code    34  am_util_stdio.o(i.padbuffer)
    i.read_nonblocking                       0x0000fce0   Section        0  am_hal_uart.o(i.read_nonblocking)
    read_nonblocking                         0x0000fce1   Thumb Code   288  am_hal_uart.o(i.read_nonblocking)
    i.send_hello                             0x0000fe08   Section        0  uart_boot_host.o(i.send_hello)
    i.simple_strlen                          0x0000fe80   Section        0  am_util_stdio.o(i.simple_strlen)
    simple_strlen                            0x0000fe81   Thumb Code    24  am_util_stdio.o(i.simple_strlen)
    i.start_boot_mode                        0x0000fe98   Section        0  uart_boot_host.o(i.start_boot_mode)
    i.uart_set_up                            0x0000fef8   Section        0  uart_boot_host.o(i.uart_set_up)
    uart_set_up                              0x0000fef9   Thumb Code    94  uart_boot_host.o(i.uart_set_up)
    i.uint64_to_hexstr                       0x0000ff68   Section        0  am_util_stdio.o(i.uint64_to_hexstr)
    uint64_to_hexstr                         0x0000ff69   Thumb Code   138  am_util_stdio.o(i.uint64_to_hexstr)
    i.uint64_to_str                          0x0000fff2   Section        0  am_util_stdio.o(i.uint64_to_str)
    uint64_to_str                            0x0000fff3   Thumb Code   112  am_util_stdio.o(i.uint64_to_str)
    i.validate_transaction                   0x00010064   Section        0  am_hal_iom.o(i.validate_transaction)
    i.write_nonblocking                      0x000100e4   Section        0  am_hal_uart.o(i.write_nonblocking)
    write_nonblocking                        0x000100e5   Thumb Code   268  am_hal_uart.o(i.write_nonblocking)
    x$fpl$d2f                                0x000101f4   Section       98  d2f.o(x$fpl$d2f)
    $v0                                      0x000101f4   Number         0  d2f.o(x$fpl$d2f)
    x$fpl$dnaninf                            0x00010256   Section      156  dnaninf.o(x$fpl$dnaninf)
    $v0                                      0x00010256   Number         0  dnaninf.o(x$fpl$dnaninf)
    x$fpl$fpinit                             0x000102f2   Section       10  fpinit.o(x$fpl$fpinit)
    $v0                                      0x000102f2   Number         0  fpinit.o(x$fpl$fpinit)
    x$fpl$fretinf                            0x000102fc   Section       10  fretinf.o(x$fpl$fretinf)
    $v0                                      0x000102fc   Number         0  fretinf.o(x$fpl$fretinf)
    x$fpl$usenofp                            0x00010306   Section        0  usenofp.o(x$fpl$usenofp)
    .constdata                               0x00010308   Section       84  uart_boot_host.o(.constdata)
    .constdata                               0x0001035c   Section       12  am_hal_flash.o(.constdata)
    .constdata                               0x00010368   Section      354  am_hal_gpio.o(.constdata)
    g_ui8Inpen                               0x0001036c   Data          50  am_hal_gpio.o(.constdata)
    g_ui8Bit76Capabilities                   0x0001039e   Data          50  am_hal_gpio.o(.constdata)
    g_ui8nCEpins                             0x000103d0   Data          50  am_hal_gpio.o(.constdata)
    g_ui8NCEtable                            0x00010402   Data         200  am_hal_gpio.o(.constdata)
    .constdata                               0x000104cc   Section        4  am_hal_gpio.o(.constdata)
    .constdata                               0x000104d0   Section        4  am_hal_gpio.o(.constdata)
    .constdata                               0x000104d4   Section      128  am_hal_mcuctrl.o(.constdata)
    .constdata                               0x00010554   Section        4  am_bsp_pins.o(.constdata)
    .constdata                               0x00010558   Section        4  am_bsp_pins.o(.constdata)
    .constdata                               0x0001055c   Section        4  am_bsp_pins.o(.constdata)
    .constdata                               0x00010560   Section        4  am_bsp_pins.o(.constdata)
    .constdata                               0x00010564   Section        4  am_bsp_pins.o(.constdata)
    .constdata                               0x00010568   Section        4  am_bsp_pins.o(.constdata)
    .constdata                               0x0001056c   Section        4  am_bsp_pins.o(.constdata)
    .constdata                               0x00010570   Section        4  am_bsp_pins.o(.constdata)
    .constdata                               0x00010574   Section        4  am_bsp_pins.o(.constdata)
    .constdata                               0x00010578   Section        4  am_bsp_pins.o(.constdata)
    .constdata                               0x0001057c   Section        4  am_bsp_pins.o(.constdata)
    .constdata                               0x00010580   Section        4  am_bsp_pins.o(.constdata)
    .constdata                               0x00010584   Section        4  am_bsp_pins.o(.constdata)
    .constdata                               0x00010588   Section        4  am_bsp_pins.o(.constdata)
    .constdata                               0x0001058c   Section        4  am_bsp_pins.o(.constdata)
    .constdata                               0x00010590   Section        4  am_bsp_pins.o(.constdata)
    .constdata                               0x00010594   Section        4  am_bsp_pins.o(.constdata)
    .constdata                               0x00010598   Section        4  am_bsp_pins.o(.constdata)
    .constdata                               0x0001059c   Section        4  am_bsp_pins.o(.constdata)
    .constdata                               0x000105a0   Section        4  am_bsp_pins.o(.constdata)
    .constdata                               0x000105a4   Section        4  am_bsp_pins.o(.constdata)
    .constdata                               0x000105a8   Section        4  am_bsp_pins.o(.constdata)
    .constdata                               0x000105ac   Section        4  am_bsp_pins.o(.constdata)
    .constdata                               0x000105b0   Section        4  am_bsp_pins.o(.constdata)
    .constdata                               0x000105b4   Section        4  am_bsp_pins.o(.constdata)
    .constdata                               0x000105b8   Section        4  am_bsp_pins.o(.constdata)
    .constdata                               0x000105bc   Section        4  am_bsp_pins.o(.constdata)
    .constdata                               0x000105c0   Section        4  am_bsp_pins.o(.constdata)
    .constdata                               0x000105c4   Section        4  am_bsp_pins.o(.constdata)
    .constdata                               0x000105c8   Section        4  am_bsp_pins.o(.constdata)
    .constdata                               0x000105cc   Section        4  am_bsp_pins.o(.constdata)
    .constdata                               0x000105d0   Section        4  am_bsp_pins.o(.constdata)
    .constdata                               0x000105d4   Section        4  am_bsp_pins.o(.constdata)
    .constdata                               0x000105d8   Section        4  am_bsp_pins.o(.constdata)
    .constdata                               0x000105dc   Section        4  am_bsp_pins.o(.constdata)
    .constdata                               0x000105e0   Section        4  am_bsp_pins.o(.constdata)
    .constdata                               0x000105e4   Section        4  am_bsp_pins.o(.constdata)
    .constdata                               0x000105e8   Section        4  am_bsp_pins.o(.constdata)
    .constdata                               0x000105ec   Section        4  am_bsp_pins.o(.constdata)
    .constdata                               0x000105f0   Section      320  am_hal_cmdq.o(.constdata)
    gAmHalCmdQReg                            0x000105f0   Data         320  am_hal_cmdq.o(.constdata)
    .constdata                               0x00010730   Section      612  am_hal_pwrctrl.o(.constdata)
    _IMGData                                 0x000109b4   Section    13856  img_data.o(_IMGData)
    .data                                    0x10000000   Section       60  uart_boot_host.o(.data)
    g_AM_BSP_GPIO_BOOT_HANDSHAKE             0x10000010   Data           4  uart_boot_host.o(.data)
    g_sIOMI2cConfig                          0x10000014   Data          20  uart_boot_host.o(.data)
    g_sIOMSpiConfig                          0x10000028   Data          20  uart_boot_host.o(.data)
    .data                                    0x1000003c   Section        5  am_util_stdio.o(.data)
    g_bTxtXlate                              0x10000040   Data           1  am_util_stdio.o(.data)
    .data                                    0x10000044   Section        4  am_hal_global.o(.data)
    .data                                    0x10000048   Section       88  am_bsp.o(.data)
    g_ui32PrintInterface                     0x10000048   Data           4  am_bsp.o(.data)
    g_sCOMUART                               0x1000004c   Data           4  am_bsp.o(.data)
    g_sBspUartBufferedConfig                 0x10000078   Data          40  am_bsp.o(.data)
    .data                                    0x100000a0   Section        4  am_hal_reset.o(.data)
    STACK                                    0x100000a8   Section     4096  startup_keil.o(STACK)
    StackMem                                 0x100000a8   Data           0  startup_keil.o(STACK)
    .bss                                     0x100010a8   Section    26744  uart_boot_host.o(.bss)
    .bss                                     0x10007920   Section      256  am_util_stdio.o(.bss)
    g_prfbuf                                 0x10007920   Data         256  am_util_stdio.o(.bss)
    .bss                                     0x10007a20   Section      400  am_hal_gpio.o(.bss)
    gpio_ppfnHandlers                        0x10007a20   Data         200  am_hal_gpio.o(.bss)
    gpio_pHandlerCtxt                        0x10007ae8   Data         200  am_hal_gpio.o(.bss)
    .bss                                     0x10007bb0   Section    13272  am_hal_iom.o(.bss)
    .bss                                     0x1000af88   Section      512  am_hal_security.o(.bss)
    g_CRC_buffer                             0x1000af88   Data         512  am_hal_security.o(.bss)
    .bss                                     0x1000b188   Section      200  am_hal_uart.o(.bss)
    .bss                                     0x1000b250   Section     1024  am_bsp.o(.bss)
    pui8UartTxBuffer                         0x1000b250   Data        1024  am_bsp.o(.bss)
    .bss                                     0x1000b650   Section     1024  am_bsp.o(.bss)
    pui8UartRxBuffer                         0x1000b650   Data        1024  am_bsp.o(.bss)
    .bss                                     0x1000ba50   Section      352  am_hal_cmdq.o(.bss)
    gAmHalCmdq                               0x1000ba50   Data         352  am_hal_cmdq.o(.bss)
    .bss                                     0x1000bbb0   Section       96  libspace.o(.bss)
    HEAP                                     0x1000bc10   Section        0  startup_keil.o(HEAP)
    HeapMem                                  0x1000bc10   Data           0  startup_keil.o(HEAP)

    Global Symbols

    Symbol Name                              Value     Ov Type        Size  Object(Section)

    BuildAttributes$$THM_ISAv4$E$P$D$K$B$S$7EM$VFPi3$EXTD16$VFPS$VFMA$PE$A:L22UL41UL21$X:L11$S22US41US21$IEEE1$IW$USESV6$~STKCKD$USESV7$~SHL$OTIME$ROPI$EBA8$UX$STANDARDLIB$REQ8$EABIv2 0x00000000   Number         0  anon$$obj.o ABSOLUTE
    __ARM_use_no_argv                        0x00000000   Number         0  uart_boot_host.o ABSOLUTE
    __ARM_exceptions_init                     - Undefined Weak Reference
    __alloca_initialize                       - Undefined Weak Reference
    __arm_preinit_                            - Undefined Weak Reference
    __cpp_initialize__aeabi_                  - Undefined Weak Reference
    __cxa_finalize                            - Undefined Weak Reference
    __rt_locale                               - Undefined Weak Reference
    __sigvec_lookup                           - Undefined Weak Reference
    _atexit_init                              - Undefined Weak Reference
    _call_atexit_fns                          - Undefined Weak Reference
    _clock_init                               - Undefined Weak Reference
    _fp_trap_init                             - Undefined Weak Reference
    _fp_trap_shutdown                         - Undefined Weak Reference
    _get_lc_collate                           - Undefined Weak Reference
    _get_lc_ctype                             - Undefined Weak Reference
    _get_lc_monetary                          - Undefined Weak Reference
    _get_lc_numeric                           - Undefined Weak Reference
    _get_lc_time                              - Undefined Weak Reference
    _getenv_init                              - Undefined Weak Reference
    _handle_redirection                       - Undefined Weak Reference
    _init_alloc                               - Undefined Weak Reference
    _init_user_alloc                          - Undefined Weak Reference
    _initio                                   - Undefined Weak Reference
    _rand_init                                - Undefined Weak Reference
    _signal_finish                            - Undefined Weak Reference
    _signal_init                              - Undefined Weak Reference
    _terminate_alloc                          - Undefined Weak Reference
    _terminate_user_alloc                     - Undefined Weak Reference
    _terminateio                              - Undefined Weak Reference
    __Vectors                                0x0000c000   Data           0  startup_keil.o(RESET)
    __Patchable                              0x0000c0c0   Data           0  startup_keil.o(RESET)
    Reset_Handler                            0x0000c101   Thumb Code    28  startup_keil.o(RESET)
    NMI_Handler                              0x0000c11f   Thumb Code     2  startup_keil.o(RESET)
    MemManage_Handler                        0x0000c121   Thumb Code     2  startup_keil.o(RESET)
    BusFault_Handler                         0x0000c123   Thumb Code     2  startup_keil.o(RESET)
    UsageFault_Handler                       0x0000c125   Thumb Code     2  startup_keil.o(RESET)
    SecureFault_Handler                      0x0000c127   Thumb Code     2  startup_keil.o(RESET)
    SVC_Handler                              0x0000c129   Thumb Code     2  startup_keil.o(RESET)
    DebugMon_Handler                         0x0000c12b   Thumb Code     2  startup_keil.o(RESET)
    PendSV_Handler                           0x0000c12d   Thumb Code     2  startup_keil.o(RESET)
    SysTick_Handler                          0x0000c12f   Thumb Code     2  startup_keil.o(RESET)
    am_adc_isr                               0x0000c131   Thumb Code     0  startup_keil.o(RESET)
    am_ble_isr                               0x0000c131   Thumb Code     0  startup_keil.o(RESET)
    am_brownout_isr                          0x0000c131   Thumb Code     0  startup_keil.o(RESET)
    am_clkgen_isr                            0x0000c131   Thumb Code     0  startup_keil.o(RESET)
    am_ctimer_isr                            0x0000c131   Thumb Code     0  startup_keil.o(RESET)
    am_iomaster0_isr                         0x0000c131   Thumb Code     0  startup_keil.o(RESET)
    am_iomaster1_isr                         0x0000c131   Thumb Code     0  startup_keil.o(RESET)
    am_iomaster2_isr                         0x0000c131   Thumb Code     0  startup_keil.o(RESET)
    am_iomaster3_isr                         0x0000c131   Thumb Code     0  startup_keil.o(RESET)
    am_iomaster4_isr                         0x0000c131   Thumb Code     0  startup_keil.o(RESET)
    am_iomaster5_isr                         0x0000c131   Thumb Code     0  startup_keil.o(RESET)
    am_ioslave_acc_isr                       0x0000c131   Thumb Code     0  startup_keil.o(RESET)
    am_ioslave_ios_isr                       0x0000c131   Thumb Code     0  startup_keil.o(RESET)
    am_mspi0_isr                             0x0000c131   Thumb Code     0  startup_keil.o(RESET)
    am_pdm0_isr                              0x0000c131   Thumb Code     0  startup_keil.o(RESET)
    am_rtc_isr                               0x0000c131   Thumb Code     0  startup_keil.o(RESET)
    am_scard_isr                             0x0000c131   Thumb Code     0  startup_keil.o(RESET)
    am_software0_isr                         0x0000c131   Thumb Code     0  startup_keil.o(RESET)
    am_stimer_cmpr0_isr                      0x0000c131   Thumb Code     0  startup_keil.o(RESET)
    am_stimer_cmpr1_isr                      0x0000c131   Thumb Code     0  startup_keil.o(RESET)
    am_stimer_cmpr2_isr                      0x0000c131   Thumb Code     0  startup_keil.o(RESET)
    am_stimer_cmpr3_isr                      0x0000c131   Thumb Code     0  startup_keil.o(RESET)
    am_stimer_cmpr4_isr                      0x0000c131   Thumb Code     0  startup_keil.o(RESET)
    am_stimer_cmpr5_isr                      0x0000c131   Thumb Code     0  startup_keil.o(RESET)
    am_stimer_cmpr6_isr                      0x0000c131   Thumb Code     0  startup_keil.o(RESET)
    am_stimer_cmpr7_isr                      0x0000c131   Thumb Code     0  startup_keil.o(RESET)
    am_stimer_isr                            0x0000c131   Thumb Code     0  startup_keil.o(RESET)
    am_uart0_isr                             0x0000c131   Thumb Code     0  startup_keil.o(RESET)
    am_uart1_isr                             0x0000c131   Thumb Code     0  startup_keil.o(RESET)
    am_vcomp_isr                             0x0000c131   Thumb Code     0  startup_keil.o(RESET)
    am_watchdog_isr                          0x0000c131   Thumb Code     0  startup_keil.o(RESET)
    __main                                   0x0000c139   Thumb Code     8  __main.o(!!!main)
    __scatterload                            0x0000c141   Thumb Code     0  __scatter.o(!!!scatter)
    __scatterload_rt2                        0x0000c141   Thumb Code    44  __scatter.o(!!!scatter)
    __scatterload_rt2_thumb_only             0x0000c141   Thumb Code     0  __scatter.o(!!!scatter)
    __scatterload_null                       0x0000c14f   Thumb Code     0  __scatter.o(!!!scatter)
    __scatterload_copy                       0x0000c175   Thumb Code    26  __scatter_copy.o(!!handler_copy)
    __scatterload_zeroinit                   0x0000c191   Thumb Code    28  __scatter_zi.o(!!handler_zi)
    __rt_lib_init                            0x0000c1ad   Thumb Code     0  libinit.o(.ARM.Collect$$libinit$$00000000)
    __rt_lib_init_fp_1                       0x0000c1af   Thumb Code     0  libinit2.o(.ARM.Collect$$libinit$$00000001)
    __rt_lib_init_alloca_1                   0x0000c1b3   Thumb Code     0  libinit2.o(.ARM.Collect$$libinit$$0000002E)
    __rt_lib_init_argv_1                     0x0000c1b3   Thumb Code     0  libinit2.o(.ARM.Collect$$libinit$$0000002C)
    __rt_lib_init_atexit_1                   0x0000c1b3   Thumb Code     0  libinit2.o(.ARM.Collect$$libinit$$0000001B)
    __rt_lib_init_clock_1                    0x0000c1b3   Thumb Code     0  libinit2.o(.ARM.Collect$$libinit$$00000021)
    __rt_lib_init_cpp_1                      0x0000c1b3   Thumb Code     0  libinit2.o(.ARM.Collect$$libinit$$00000032)
    __rt_lib_init_exceptions_1               0x0000c1b3   Thumb Code     0  libinit2.o(.ARM.Collect$$libinit$$00000030)
    __rt_lib_init_fp_trap_1                  0x0000c1b3   Thumb Code     0  libinit2.o(.ARM.Collect$$libinit$$0000001F)
    __rt_lib_init_getenv_1                   0x0000c1b3   Thumb Code     0  libinit2.o(.ARM.Collect$$libinit$$00000023)
    __rt_lib_init_heap_1                     0x0000c1b3   Thumb Code     0  libinit2.o(.ARM.Collect$$libinit$$0000000A)
    __rt_lib_init_lc_collate_1               0x0000c1b3   Thumb Code     0  libinit2.o(.ARM.Collect$$libinit$$00000011)
    __rt_lib_init_lc_ctype_1                 0x0000c1b3   Thumb Code     0  libinit2.o(.ARM.Collect$$libinit$$00000013)
    __rt_lib_init_lc_monetary_1              0x0000c1b3   Thumb Code     0  libinit2.o(.ARM.Collect$$libinit$$00000015)
    __rt_lib_init_lc_numeric_1               0x0000c1b3   Thumb Code     0  libinit2.o(.ARM.Collect$$libinit$$00000017)
    __rt_lib_init_lc_time_1                  0x0000c1b3   Thumb Code     0  libinit2.o(.ARM.Collect$$libinit$$00000019)
    __rt_lib_init_preinit_1                  0x0000c1b3   Thumb Code     0  libinit2.o(.ARM.Collect$$libinit$$00000004)
    __rt_lib_init_rand_1                     0x0000c1b3   Thumb Code     0  libinit2.o(.ARM.Collect$$libinit$$0000000E)
    __rt_lib_init_return                     0x0000c1b3   Thumb Code     0  libinit2.o(.ARM.Collect$$libinit$$00000033)
    __rt_lib_init_signal_1                   0x0000c1b3   Thumb Code     0  libinit2.o(.ARM.Collect$$libinit$$0000001D)
    __rt_lib_init_stdio_1                    0x0000c1b3   Thumb Code     0  libinit2.o(.ARM.Collect$$libinit$$00000025)
    __rt_lib_init_user_alloc_1               0x0000c1b3   Thumb Code     0  libinit2.o(.ARM.Collect$$libinit$$0000000C)
    __rt_lib_shutdown                        0x0000c1b5   Thumb Code     0  libshutdown.o(.ARM.Collect$$libshutdown$$00000000)
    __rt_lib_shutdown_cpp_1                  0x0000c1b7   Thumb Code     0  libshutdown2.o(.ARM.Collect$$libshutdown$$00000002)
    __rt_lib_shutdown_fp_trap_1              0x0000c1b7   Thumb Code     0  libshutdown2.o(.ARM.Collect$$libshutdown$$00000007)
    __rt_lib_shutdown_heap_1                 0x0000c1b7   Thumb Code     0  libshutdown2.o(.ARM.Collect$$libshutdown$$0000000F)
    __rt_lib_shutdown_return                 0x0000c1b7   Thumb Code     0  libshutdown2.o(.ARM.Collect$$libshutdown$$00000010)
    __rt_lib_shutdown_signal_1               0x0000c1b7   Thumb Code     0  libshutdown2.o(.ARM.Collect$$libshutdown$$0000000A)
    __rt_lib_shutdown_stdio_1                0x0000c1b7   Thumb Code     0  libshutdown2.o(.ARM.Collect$$libshutdown$$00000004)
    __rt_lib_shutdown_user_alloc_1           0x0000c1b7   Thumb Code     0  libshutdown2.o(.ARM.Collect$$libshutdown$$0000000C)
    __rt_entry                               0x0000c1b9   Thumb Code     0  __rtentry.o(.ARM.Collect$$rtentry$$00000000)
    __rt_entry_presh_1                       0x0000c1b9   Thumb Code     0  __rtentry2.o(.ARM.Collect$$rtentry$$00000002)
    __rt_entry_sh                            0x0000c1b9   Thumb Code     0  __rtentry4.o(.ARM.Collect$$rtentry$$00000004)
    __rt_entry_li                            0x0000c1bf   Thumb Code     0  __rtentry2.o(.ARM.Collect$$rtentry$$0000000A)
    __rt_entry_postsh_1                      0x0000c1bf   Thumb Code     0  __rtentry2.o(.ARM.Collect$$rtentry$$00000009)
    __rt_entry_main                          0x0000c1c3   Thumb Code     0  __rtentry2.o(.ARM.Collect$$rtentry$$0000000D)
    __rt_entry_postli_1                      0x0000c1c3   Thumb Code     0  __rtentry2.o(.ARM.Collect$$rtentry$$0000000C)
    __rt_exit                                0x0000c1cb   Thumb Code     0  rtexit.o(.ARM.Collect$$rtexit$$00000000)
    __rt_exit_ls                             0x0000c1cd   Thumb Code     0  rtexit2.o(.ARM.Collect$$rtexit$$00000003)
    __rt_exit_prels_1                        0x0000c1cd   Thumb Code     0  rtexit2.o(.ARM.Collect$$rtexit$$00000002)
    __rt_exit_exit                           0x0000c1d1   Thumb Code     0  rtexit2.o(.ARM.Collect$$rtexit$$00000004)
    HardFault_Handler                        0x0000c1d9   Thumb Code    26  am_util_faultisr.o(.emb_text)
    getStackedReg                            0x0000c1f3   Thumb Code     8  am_util_faultisr.o(.emb_text)
    am_hal_interrupt_master_enable           0x0000c1fd   Thumb Code     8  am_hal_interrupt.o(.emb_text)
    am_hal_interrupt_master_disable          0x0000c205   Thumb Code     8  am_hal_interrupt.o(.emb_text)
    am_hal_interrupt_master_set              0x0000c20d   Thumb Code     6  am_hal_interrupt.o(.emb_text)
    __user_initial_stackheap                 0x0000c215   Thumb Code    10  startup_keil.o(.text)
    __aeabi_llsr                             0x0000c22d   Thumb Code     0  llushr.o(.text)
    _ll_ushift_r                             0x0000c22d   Thumb Code    38  llushr.o(.text)
    __aeabi_memcpy                           0x0000c253   Thumb Code     0  rt_memcpy_v6.o(.text)
    __rt_memcpy                              0x0000c253   Thumb Code   138  rt_memcpy_v6.o(.text)
    _memcpy_lastbytes                        0x0000c2b9   Thumb Code     0  rt_memcpy_v6.o(.text)
    __aeabi_memcpy4                          0x0000c2dd   Thumb Code     0  rt_memcpy_w.o(.text)
    __aeabi_memcpy8                          0x0000c2dd   Thumb Code     0  rt_memcpy_w.o(.text)
    __rt_memcpy_w                            0x0000c2dd   Thumb Code   100  rt_memcpy_w.o(.text)
    _memcpy_lastbytes_aligned                0x0000c325   Thumb Code     0  rt_memcpy_w.o(.text)
    __aeabi_memclr4                          0x0000c341   Thumb Code     0  rt_memclr_w.o(.text)
    __aeabi_memclr8                          0x0000c341   Thumb Code     0  rt_memclr_w.o(.text)
    __rt_memclr_w                            0x0000c341   Thumb Code    78  rt_memclr_w.o(.text)
    _memset_w                                0x0000c345   Thumb Code     0  rt_memclr_w.o(.text)
    __use_two_region_memory                  0x0000c38f   Thumb Code     2  heapauxi.o(.text)
    __rt_heap_escrow$2region                 0x0000c391   Thumb Code     2  heapauxi.o(.text)
    __rt_heap_expand$2region                 0x0000c393   Thumb Code     2  heapauxi.o(.text)
    __user_setup_stackheap                   0x0000c395   Thumb Code    74  sys_stackheap_outer.o(.text)
    exit                                     0x0000c3df   Thumb Code    18  exit.o(.text)
    __user_libspace                          0x0000c3f1   Thumb Code     8  libspace.o(.text)
    __user_perproc_libspace                  0x0000c3f1   Thumb Code     0  libspace.o(.text)
    __user_perthread_libspace                0x0000c3f1   Thumb Code     0  libspace.o(.text)
    _sys_exit                                0x0000c3f9   Thumb Code     8  sys_exit.o(.text)
    __I$use$semihosting                      0x0000c405   Thumb Code     0  use_no_semi.o(.text)
    __use_no_semihosting_swi                 0x0000c405   Thumb Code     2  use_no_semi.o(.text)
    __semihosting_library_function           0x0000c407   Thumb Code     0  indicate_semi.o(.text)
    am_bsp_iom_pins_enable                   0x0000c469   Thumb Code   454  am_bsp.o(i.am_bsp_iom_pins_enable)
    am_bsp_itm_printf_enable                 0x0000c6c1   Thumb Code    44  am_bsp.o(i.am_bsp_itm_printf_enable)
    am_bsp_low_power_init                    0x0000c6fd   Thumb Code    58  am_bsp.o(i.am_bsp_low_power_init)
    am_gpio_isr                              0x0000c741   Thumb Code    28  uart_boot_host.o(i.am_gpio_isr)
    am_hal_cachectrl_control                 0x0000c75d   Thumb Code   710  am_hal_cachectrl.o(i.am_hal_cachectrl_control)
    am_hal_clkgen_control                    0x0000ca2d   Thumb Code   236  am_hal_clkgen.o(i.am_hal_clkgen_control)
    am_hal_clkgen_status_get                 0x0000cb29   Thumb Code    44  am_hal_clkgen.o(i.am_hal_clkgen_status_get)
    am_hal_cmdq_enable                       0x0000cb5d   Thumb Code    60  am_hal_cmdq.o(i.am_hal_cmdq_enable)
    am_hal_cmdq_init                         0x0000cb9d   Thumb Code   226  am_hal_cmdq.o(i.am_hal_cmdq_init)
    am_hal_crc32                             0x0000cc8d   Thumb Code   262  am_hal_security.o(i.am_hal_crc32)
    am_hal_flash_delay                       0x0000cda9   Thumb Code    30  am_hal_flash.o(i.am_hal_flash_delay)
    am_hal_flash_delay_status_change         0x0000cdcd   Thumb Code    74  am_hal_flash.o(i.am_hal_flash_delay_status_change)
    am_hal_flash_delay_status_check          0x0000ce1d   Thumb Code    86  am_hal_flash.o(i.am_hal_flash_delay_status_check)
    am_hal_flash_load_ui32                   0x0000ce79   Thumb Code     4  am_hal_flash.o(i.am_hal_flash_load_ui32)
    am_hal_flash_store_ui32                  0x0000ce81   Thumb Code    36  am_hal_flash.o(i.am_hal_flash_store_ui32)
    am_hal_gpio_interrupt_clear              0x0000cea9   Thumb Code    46  am_hal_gpio.o(i.am_hal_gpio_interrupt_clear)
    am_hal_gpio_interrupt_enable             0x0000cedd   Thumb Code    58  am_hal_gpio.o(i.am_hal_gpio_interrupt_enable)
    am_hal_gpio_interrupt_register           0x0000cf1d   Thumb Code    26  am_hal_gpio.o(i.am_hal_gpio_interrupt_register)
    am_hal_gpio_interrupt_service            0x0000cf3d   Thumb Code   140  am_hal_gpio.o(i.am_hal_gpio_interrupt_service)
    am_hal_gpio_interrupt_status_get         0x0000cfcd   Thumb Code    80  am_hal_gpio.o(i.am_hal_gpio_interrupt_status_get)
    am_hal_gpio_pinconfig                    0x0000d021   Thumb Code   586  am_hal_gpio.o(i.am_hal_gpio_pinconfig)
    am_hal_gpio_state_read                   0x0000d2a1   Thumb Code    90  am_hal_gpio.o(i.am_hal_gpio_state_read)
    am_hal_gpio_state_write                  0x0000d2fb   Thumb Code   128  am_hal_gpio.o(i.am_hal_gpio_state_write)
    am_hal_iom_blocking_transfer             0x0000d37d   Thumb Code   776  am_hal_iom.o(i.am_hal_iom_blocking_transfer)
    am_hal_iom_configure                     0x0000d69d   Thumb Code   630  am_hal_iom.o(i.am_hal_iom_configure)
    am_hal_iom_enable                        0x0000d945   Thumb Code   248  am_hal_iom.o(i.am_hal_iom_enable)
    am_hal_iom_initialize                    0x0000da45   Thumb Code    76  am_hal_iom.o(i.am_hal_iom_initialize)
    am_hal_iom_power_ctrl                    0x0000da99   Thumb Code   724  am_hal_iom.o(i.am_hal_iom_power_ctrl)
    am_hal_itm_enable                        0x0000dd75   Thumb Code    44  am_hal_itm.o(i.am_hal_itm_enable)
    am_hal_itm_print                         0x0000ddbd   Thumb Code    48  am_hal_itm.o(i.am_hal_itm_print)
    am_hal_mcuctrl_info_get                  0x0000dded   Thumb Code   278  am_hal_mcuctrl.o(i.am_hal_mcuctrl_info_get)
    am_hal_pwrctrl_low_power_init            0x0000df25   Thumb Code   386  am_hal_pwrctrl.o(i.am_hal_pwrctrl_low_power_init)
    am_hal_pwrctrl_periph_disable            0x0000e0c1   Thumb Code    70  am_hal_pwrctrl.o(i.am_hal_pwrctrl_periph_disable)
    am_hal_pwrctrl_periph_enable             0x0000e111   Thumb Code    72  am_hal_pwrctrl.o(i.am_hal_pwrctrl_periph_enable)
    am_hal_queue_init                        0x0000e161   Thumb Code    22  am_hal_queue.o(i.am_hal_queue_init)
    am_hal_queue_item_add                    0x0000e177   Thumb Code   164  am_hal_queue.o(i.am_hal_queue_item_add)
    am_hal_queue_item_get                    0x0000e21b   Thumb Code   152  am_hal_queue.o(i.am_hal_queue_item_get)
    am_hal_rtc_osc_disable                   0x0000e2b3   Thumb Code    18  am_hal_rtc.o(i.am_hal_rtc_osc_disable)
    am_hal_tpiu_enable                       0x0000e2c5   Thumb Code   122  am_hal_tpiu.o(i.am_hal_tpiu_enable)
    am_hal_uart_configure                    0x0000e355   Thumb Code   562  am_hal_uart.o(i.am_hal_uart_configure)
    am_hal_uart_initialize                   0x0000e5ad   Thumb Code    76  am_hal_uart.o(i.am_hal_uart_initialize)
    am_hal_uart_interrupt_clear              0x0000e601   Thumb Code    44  am_hal_uart.o(i.am_hal_uart_interrupt_clear)
    am_hal_uart_interrupt_enable             0x0000e631   Thumb Code    48  am_hal_uart.o(i.am_hal_uart_interrupt_enable)
    am_hal_uart_interrupt_service            0x0000e665   Thumb Code   356  am_hal_uart.o(i.am_hal_uart_interrupt_service)
    am_hal_uart_interrupt_status_get         0x0000e7d1   Thumb Code    56  am_hal_uart.o(i.am_hal_uart_interrupt_status_get)
    am_hal_uart_power_control                0x0000e80d   Thumb Code   232  am_hal_uart.o(i.am_hal_uart_power_control)
    am_hal_uart_transfer                     0x0000e8f9   Thumb Code   844  am_hal_uart.o(i.am_hal_uart_transfer)
    am_uart_isr                              0x0000ec4d   Thumb Code   170  uart_boot_host.o(i.am_uart_isr)
    am_util_delay_ms                         0x0000ed11   Thumb Code    32  am_util_delay.o(i.am_util_delay_ms)
    am_util_delay_us                         0x0000ed31   Thumb Code    30  am_util_delay.o(i.am_util_delay_us)
    am_util_faultisr_collect_data            0x0000ed55   Thumb Code   180  am_util_faultisr.o(i.am_util_faultisr_collect_data)
    am_util_stdio_printf                     0x0000ee0d   Thumb Code    50  am_util_stdio.o(i.am_util_stdio_printf)
    am_util_stdio_printf_init                0x0000ee49   Thumb Code     6  am_util_stdio.o(i.am_util_stdio_printf_init)
    am_util_stdio_vsprintf                   0x0000ee55   Thumb Code   932  am_util_stdio.o(i.am_util_stdio_vsprintf)
    iom_slave_read                           0x0000f66d   Thumb Code    64  uart_boot_host.o(i.iom_slave_read)
    iom_slave_write                          0x0000f6b1   Thumb Code    64  uart_boot_host.o(i.iom_slave_write)
    main                                     0x0000f6f5   Thumb Code   792  uart_boot_host.o(i.main)
    send_hello                               0x0000fe09   Thumb Code    88  uart_boot_host.o(i.send_hello)
    start_boot_mode                          0x0000fe99   Thumb Code    86  uart_boot_host.o(i.start_boot_mode)
    validate_transaction                     0x00010065   Thumb Code   124  am_hal_iom.o(i.validate_transaction)
    __aeabi_d2f                              0x000101f5   Thumb Code     0  d2f.o(x$fpl$d2f)
    _d2f                                     0x000101f5   Thumb Code    98  d2f.o(x$fpl$d2f)
    __fpl_dnaninf                            0x00010257   Thumb Code   156  dnaninf.o(x$fpl$dnaninf)
    _fp_init                                 0x000102f3   Thumb Code    10  fpinit.o(x$fpl$fpinit)
    __fplib_config_fpu_vfp                   0x000102fb   Thumb Code     0  fpinit.o(x$fpl$fpinit)
    __fplib_config_pureend_doubles           0x000102fb   Thumb Code     0  fpinit.o(x$fpl$fpinit)
    __fpl_fretinf                            0x000102fd   Thumb Code    10  fretinf.o(x$fpl$fretinf)
    __I$use$fp                               0x00010306   Number         0  usenofp.o(x$fpl$usenofp)
    g_AM_HAL_GPIO_DISABLE                    0x00010368   Data           4  am_hal_gpio.o(.constdata)
    g_AM_HAL_GPIO_INPUT_PULLUP               0x000104cc   Data           4  am_hal_gpio.o(.constdata)
    g_AM_HAL_GPIO_OUTPUT                     0x000104d0   Data           4  am_hal_gpio.o(.constdata)
    g_am_hal_mcuctrl_flash_size              0x000104d4   Data          64  am_hal_mcuctrl.o(.constdata)
    g_am_hal_mcuctrl_sram_size               0x00010514   Data          64  am_hal_mcuctrl.o(.constdata)
    g_AM_BSP_GPIO_COM_UART_TX                0x00010554   Data           4  am_bsp_pins.o(.constdata)
    g_AM_BSP_GPIO_COM_UART_RX                0x00010558   Data           4  am_bsp_pins.o(.constdata)
    g_AM_BSP_GPIO_IOM0_CS                    0x0001055c   Data           4  am_bsp_pins.o(.constdata)
    g_AM_BSP_GPIO_IOM0_MISO                  0x00010560   Data           4  am_bsp_pins.o(.constdata)
    g_AM_BSP_GPIO_IOM0_MOSI                  0x00010564   Data           4  am_bsp_pins.o(.constdata)
    g_AM_BSP_GPIO_IOM0_SCK                   0x00010568   Data           4  am_bsp_pins.o(.constdata)
    g_AM_BSP_GPIO_IOM0_SCL                   0x0001056c   Data           4  am_bsp_pins.o(.constdata)
    g_AM_BSP_GPIO_IOM0_SDA                   0x00010570   Data           4  am_bsp_pins.o(.constdata)
    g_AM_BSP_GPIO_IOM1_CS                    0x00010574   Data           4  am_bsp_pins.o(.constdata)
    g_AM_BSP_GPIO_IOM1_MISO                  0x00010578   Data           4  am_bsp_pins.o(.constdata)
    g_AM_BSP_GPIO_IOM1_MOSI                  0x0001057c   Data           4  am_bsp_pins.o(.constdata)
    g_AM_BSP_GPIO_IOM1_SCK                   0x00010580   Data           4  am_bsp_pins.o(.constdata)
    g_AM_BSP_GPIO_IOM1_SCL                   0x00010584   Data           4  am_bsp_pins.o(.constdata)
    g_AM_BSP_GPIO_IOM1_SDA                   0x00010588   Data           4  am_bsp_pins.o(.constdata)
    g_AM_BSP_GPIO_IOM2_CS                    0x0001058c   Data           4  am_bsp_pins.o(.constdata)
    g_AM_BSP_GPIO_IOM2_MISO                  0x00010590   Data           4  am_bsp_pins.o(.constdata)
    g_AM_BSP_GPIO_IOM2_MOSI                  0x00010594   Data           4  am_bsp_pins.o(.constdata)
    g_AM_BSP_GPIO_IOM2_SCK                   0x00010598   Data           4  am_bsp_pins.o(.constdata)
    g_AM_BSP_GPIO_IOM2_SCL                   0x0001059c   Data           4  am_bsp_pins.o(.constdata)
    g_AM_BSP_GPIO_IOM2_SDA                   0x000105a0   Data           4  am_bsp_pins.o(.constdata)
    g_AM_BSP_GPIO_IOM3_CS                    0x000105a4   Data           4  am_bsp_pins.o(.constdata)
    g_AM_BSP_GPIO_IOM3_MISO                  0x000105a8   Data           4  am_bsp_pins.o(.constdata)
    g_AM_BSP_GPIO_IOM3_MOSI                  0x000105ac   Data           4  am_bsp_pins.o(.constdata)
    g_AM_BSP_GPIO_IOM3_SCK                   0x000105b0   Data           4  am_bsp_pins.o(.constdata)
    g_AM_BSP_GPIO_IOM3_SCL                   0x000105b4   Data           4  am_bsp_pins.o(.constdata)
    g_AM_BSP_GPIO_IOM3_SDA                   0x000105b8   Data           4  am_bsp_pins.o(.constdata)
    g_AM_BSP_GPIO_IOM4_CS                    0x000105bc   Data           4  am_bsp_pins.o(.constdata)
    g_AM_BSP_GPIO_IOM4_MISO                  0x000105c0   Data           4  am_bsp_pins.o(.constdata)
    g_AM_BSP_GPIO_IOM4_MOSI                  0x000105c4   Data           4  am_bsp_pins.o(.constdata)
    g_AM_BSP_GPIO_IOM4_SCK                   0x000105c8   Data           4  am_bsp_pins.o(.constdata)
    g_AM_BSP_GPIO_IOM4_SCL                   0x000105cc   Data           4  am_bsp_pins.o(.constdata)
    g_AM_BSP_GPIO_IOM4_SDA                   0x000105d0   Data           4  am_bsp_pins.o(.constdata)
    g_AM_BSP_GPIO_IOM5_CS                    0x000105d4   Data           4  am_bsp_pins.o(.constdata)
    g_AM_BSP_GPIO_IOM5_MISO                  0x000105d8   Data           4  am_bsp_pins.o(.constdata)
    g_AM_BSP_GPIO_IOM5_MOSI                  0x000105dc   Data           4  am_bsp_pins.o(.constdata)
    g_AM_BSP_GPIO_IOM5_SCK                   0x000105e0   Data           4  am_bsp_pins.o(.constdata)
    g_AM_BSP_GPIO_IOM5_SCL                   0x000105e4   Data           4  am_bsp_pins.o(.constdata)
    g_AM_BSP_GPIO_IOM5_SDA                   0x000105e8   Data           4  am_bsp_pins.o(.constdata)
    g_AM_BSP_GPIO_ITM_SWO                    0x000105ec   Data           4  am_bsp_pins.o(.constdata)
    am_hal_pwrctrl_peripheral_control        0x00010730   Data         180  am_hal_pwrctrl.o(.constdata)
    am_hal_pwrctrl_memory_control            0x000107e4   Data         432  am_hal_pwrctrl.o(.constdata)
    Region$$Table$$Base                      0x00010994   Number         0  anon$$obj.o(Region$$Table)
    IMGDataBegin                             0x000109b4   Data           0  img_data.o(_IMGData)
    Region$$Table$$Limit                     0x000109b4   Number         0  anon$$obj.o(Region$$Table)
    IMGDataEnd                               0x00013fd4   Data           0  img_data.o(_IMGData)
    g_ui32UARTRxIndex                        0x10000000   Data           4  uart_boot_host.o(.data)
    g_bRxTimeoutFlag                         0x10000004   Data           1  uart_boot_host.o(.data)
    bIosInt                                  0x10000005   Data           1  uart_boot_host.o(.data)
    g_IOMHandle                              0x10000008   Data           4  uart_boot_host.o(.data)
    g_pvUART                                 0x1000000c   Data           4  uart_boot_host.o(.data)
    g_pfnCharPrint                           0x1000003c   Data           4  am_util_stdio.o(.data)
    g_ui32HALflags                           0x10000044   Data           4  am_hal_global.o(.data)
    am_bsp_psLEDs                            0x10000050   Data          40  am_bsp.o(.data)
    gAmHalResetStatus                        0x100000a0   Data           4  am_hal_reset.o(.data)
    g_pui8UARTTXBuffer                       0x100010a8   Data        2048  uart_boot_host.o(.bss)
    g_psWriteData                            0x100018a8   Data       12288  uart_boot_host.o(.bss)
    g_psReadData                             0x100048a8   Data       12288  uart_boot_host.o(.bss)
    g_IosPktData                             0x100078a8   Data         120  uart_boot_host.o(.bss)
    g_IOMhandles                             0x10007bb0   Data       13272  am_hal_iom.o(.bss)
    g_am_hal_uart_states                     0x1000b188   Data         200  am_hal_uart.o(.bss)
    __libspace_start                         0x1000bbb0   Data          96  libspace.o(.bss)
    __temporary_stack_top$libspace           0x1000bc10   Data           0  libspace.o(.bss)



==============================================================================

Memory Map of the image

  Image Entry point : 0x0000c139

  Load Region LR_1 (Base: 0x0000c000, Size: 0x00008078, Max: 0xffffffff, ABSOLUTE)

    Execution Region FLASH (Exec base: 0x0000c000, Load base: 0x0000c000, Size: 0x00007fd4, Max: 0x000f0000, ABSOLUTE)

    Exec Addr    Load Addr    Size         Type   Attr      Idx    E Section Name        Object

    0x0000c000   0x0000c000   0x00000138   Code   RO          661    RESET               startup_keil.o
    0x0000c138   0x0000c138   0x00000008   Code   RO         1293  * !!!main             c_w.l(__main.o)
    0x0000c140   0x0000c140   0x00000034   Code   RO         1457    !!!scatter          c_w.l(__scatter.o)
    0x0000c174   0x0000c174   0x0000001a   Code   RO         1459    !!handler_copy      c_w.l(__scatter_copy.o)
    0x0000c18e   0x0000c18e   0x00000002   PAD
    0x0000c190   0x0000c190   0x0000001c   Code   RO         1461    !!handler_zi        c_w.l(__scatter_zi.o)
    0x0000c1ac   0x0000c1ac   0x00000002   Code   RO         1327    .ARM.Collect$$libinit$$00000000  c_w.l(libinit.o)
    0x0000c1ae   0x0000c1ae   0x00000004   Code   RO         1333    .ARM.Collect$$libinit$$00000001  c_w.l(libinit2.o)
    0x0000c1b2   0x0000c1b2   0x00000000   Code   RO         1336    .ARM.Collect$$libinit$$00000004  c_w.l(libinit2.o)
    0x0000c1b2   0x0000c1b2   0x00000000   Code   RO         1339    .ARM.Collect$$libinit$$0000000A  c_w.l(libinit2.o)
    0x0000c1b2   0x0000c1b2   0x00000000   Code   RO         1341    .ARM.Collect$$libinit$$0000000C  c_w.l(libinit2.o)
    0x0000c1b2   0x0000c1b2   0x00000000   Code   RO         1343    .ARM.Collect$$libinit$$0000000E  c_w.l(libinit2.o)
    0x0000c1b2   0x0000c1b2   0x00000000   Code   RO         1346    .ARM.Collect$$libinit$$00000011  c_w.l(libinit2.o)
    0x0000c1b2   0x0000c1b2   0x00000000   Code   RO         1348    .ARM.Collect$$libinit$$00000013  c_w.l(libinit2.o)
    0x0000c1b2   0x0000c1b2   0x00000000   Code   RO         1350    .ARM.Collect$$libinit$$00000015  c_w.l(libinit2.o)
    0x0000c1b2   0x0000c1b2   0x00000000   Code   RO         1352    .ARM.Collect$$libinit$$00000017  c_w.l(libinit2.o)
    0x0000c1b2   0x0000c1b2   0x00000000   Code   RO         1354    .ARM.Collect$$libinit$$00000019  c_w.l(libinit2.o)
    0x0000c1b2   0x0000c1b2   0x00000000   Code   RO         1356    .ARM.Collect$$libinit$$0000001B  c_w.l(libinit2.o)
    0x0000c1b2   0x0000c1b2   0x00000000   Code   RO         1358    .ARM.Collect$$libinit$$0000001D  c_w.l(libinit2.o)
    0x0000c1b2   0x0000c1b2   0x00000000   Code   RO         1360    .ARM.Collect$$libinit$$0000001F  c_w.l(libinit2.o)
    0x0000c1b2   0x0000c1b2   0x00000000   Code   RO         1362    .ARM.Collect$$libinit$$00000021  c_w.l(libinit2.o)
    0x0000c1b2   0x0000c1b2   0x00000000   Code   RO         1364    .ARM.Collect$$libinit$$00000023  c_w.l(libinit2.o)
    0x0000c1b2   0x0000c1b2   0x00000000   Code   RO         1366    .ARM.Collect$$libinit$$00000025  c_w.l(libinit2.o)
    0x0000c1b2   0x0000c1b2   0x00000000   Code   RO         1370    .ARM.Collect$$libinit$$0000002C  c_w.l(libinit2.o)
    0x0000c1b2   0x0000c1b2   0x00000000   Code   RO         1372    .ARM.Collect$$libinit$$0000002E  c_w.l(libinit2.o)
    0x0000c1b2   0x0000c1b2   0x00000000   Code   RO         1374    .ARM.Collect$$libinit$$00000030  c_w.l(libinit2.o)
    0x0000c1b2   0x0000c1b2   0x00000000   Code   RO         1376    .ARM.Collect$$libinit$$00000032  c_w.l(libinit2.o)
    0x0000c1b2   0x0000c1b2   0x00000002   Code   RO         1377    .ARM.Collect$$libinit$$00000033  c_w.l(libinit2.o)
    0x0000c1b4   0x0000c1b4   0x00000002   Code   RO         1397    .ARM.Collect$$libshutdown$$00000000  c_w.l(libshutdown.o)
    0x0000c1b6   0x0000c1b6   0x00000000   Code   RO         1410    .ARM.Collect$$libshutdown$$00000002  c_w.l(libshutdown2.o)
    0x0000c1b6   0x0000c1b6   0x00000000   Code   RO         1412    .ARM.Collect$$libshutdown$$00000004  c_w.l(libshutdown2.o)
    0x0000c1b6   0x0000c1b6   0x00000000   Code   RO         1415    .ARM.Collect$$libshutdown$$00000007  c_w.l(libshutdown2.o)
    0x0000c1b6   0x0000c1b6   0x00000000   Code   RO         1418    .ARM.Collect$$libshutdown$$0000000A  c_w.l(libshutdown2.o)
    0x0000c1b6   0x0000c1b6   0x00000000   Code   RO         1420    .ARM.Collect$$libshutdown$$0000000C  c_w.l(libshutdown2.o)
    0x0000c1b6   0x0000c1b6   0x00000000   Code   RO         1423    .ARM.Collect$$libshutdown$$0000000F  c_w.l(libshutdown2.o)
    0x0000c1b6   0x0000c1b6   0x00000002   Code   RO         1424    .ARM.Collect$$libshutdown$$00000010  c_w.l(libshutdown2.o)
    0x0000c1b8   0x0000c1b8   0x00000000   Code   RO         1297    .ARM.Collect$$rtentry$$00000000  c_w.l(__rtentry.o)
    0x0000c1b8   0x0000c1b8   0x00000000   Code   RO         1304    .ARM.Collect$$rtentry$$00000002  c_w.l(__rtentry2.o)
    0x0000c1b8   0x0000c1b8   0x00000006   Code   RO         1316    .ARM.Collect$$rtentry$$00000004  c_w.l(__rtentry4.o)
    0x0000c1be   0x0000c1be   0x00000000   Code   RO         1306    .ARM.Collect$$rtentry$$00000009  c_w.l(__rtentry2.o)
    0x0000c1be   0x0000c1be   0x00000004   Code   RO         1307    .ARM.Collect$$rtentry$$0000000A  c_w.l(__rtentry2.o)
    0x0000c1c2   0x0000c1c2   0x00000000   Code   RO         1309    .ARM.Collect$$rtentry$$0000000C  c_w.l(__rtentry2.o)
    0x0000c1c2   0x0000c1c2   0x00000008   Code   RO         1310    .ARM.Collect$$rtentry$$0000000D  c_w.l(__rtentry2.o)
    0x0000c1ca   0x0000c1ca   0x00000002   Code   RO         1331    .ARM.Collect$$rtexit$$00000000  c_w.l(rtexit.o)
    0x0000c1cc   0x0000c1cc   0x00000000   Code   RO         1379    .ARM.Collect$$rtexit$$00000002  c_w.l(rtexit2.o)
    0x0000c1cc   0x0000c1cc   0x00000004   Code   RO         1380    .ARM.Collect$$rtexit$$00000003  c_w.l(rtexit2.o)
    0x0000c1d0   0x0000c1d0   0x00000006   Code   RO         1381    .ARM.Collect$$rtexit$$00000004  c_w.l(rtexit2.o)
    0x0000c1d6   0x0000c1d6   0x00000002   PAD
    0x0000c1d8   0x0000c1d8   0x00000022   Code   RO          529    .emb_text           am_util_faultisr.o
    0x0000c1fa   0x0000c1fa   0x00000002   PAD
    0x0000c1fc   0x0000c1fc   0x00000016   Code   RO          820    .emb_text           libam_hal.lib(am_hal_interrupt.o)
    0x0000c212   0x0000c212   0x00000002   PAD
    0x0000c214   0x0000c214   0x00000018   Code   RO          662    .text               startup_keil.o
    0x0000c22c   0x0000c22c   0x00000026   Code   RO         1283    .text               c_w.l(llushr.o)
    0x0000c252   0x0000c252   0x0000008a   Code   RO         1285    .text               c_w.l(rt_memcpy_v6.o)
    0x0000c2dc   0x0000c2dc   0x00000064   Code   RO         1287    .text               c_w.l(rt_memcpy_w.o)
    0x0000c340   0x0000c340   0x0000004e   Code   RO         1289    .text               c_w.l(rt_memclr_w.o)
    0x0000c38e   0x0000c38e   0x00000006   Code   RO         1291    .text               c_w.l(heapauxi.o)
    0x0000c394   0x0000c394   0x0000004a   Code   RO         1318    .text               c_w.l(sys_stackheap_outer.o)
    0x0000c3de   0x0000c3de   0x00000012   Code   RO         1320    .text               c_w.l(exit.o)
    0x0000c3f0   0x0000c3f0   0x00000008   Code   RO         1328    .text               c_w.l(libspace.o)
    0x0000c3f8   0x0000c3f8   0x0000000c   Code   RO         1389    .text               c_w.l(sys_exit.o)
    0x0000c404   0x0000c404   0x00000002   Code   RO         1400    .text               c_w.l(use_no_semi.o)
    0x0000c406   0x0000c406   0x00000000   Code   RO         1402    .text               c_w.l(indicate_semi.o)
    0x0000c406   0x0000c406   0x00000002   PAD
    0x0000c408   0x0000c408   0x0000003c   Code   RO            4    i.USE_SPI_get       uart_boot_host.o
    0x0000c444   0x0000c444   0x00000022   Code   RO            5    i.__NVIC_EnableIRQ  uart_boot_host.o
    0x0000c466   0x0000c466   0x00000002   PAD
    0x0000c468   0x0000c468   0x00000258   Code   RO          969    i.am_bsp_iom_pins_enable  libam_bsp.lib(am_bsp.o)
    0x0000c6c0   0x0000c6c0   0x0000003c   Code   RO          973    i.am_bsp_itm_printf_enable  libam_bsp.lib(am_bsp.o)
    0x0000c6fc   0x0000c6fc   0x00000044   Code   RO          974    i.am_bsp_low_power_init  libam_bsp.lib(am_bsp.o)
    0x0000c740   0x0000c740   0x0000001c   Code   RO            6    i.am_gpio_isr       uart_boot_host.o
    0x0000c75c   0x0000c75c   0x000002d0   Code   RO         1266    i.am_hal_cachectrl_control  libam_hal.lib(am_hal_cachectrl.o)
    0x0000ca2c   0x0000ca2c   0x000000fc   Code   RO          682    i.am_hal_clkgen_control  libam_hal.lib(am_hal_clkgen.o)
    0x0000cb28   0x0000cb28   0x00000034   Code   RO          688    i.am_hal_clkgen_status_get  libam_hal.lib(am_hal_clkgen.o)
    0x0000cb5c   0x0000cb5c   0x00000040   Code   RO         1091    i.am_hal_cmdq_enable  libam_hal.lib(am_hal_cmdq.o)
    0x0000cb9c   0x0000cb9c   0x000000f0   Code   RO         1094    i.am_hal_cmdq_init  libam_hal.lib(am_hal_cmdq.o)
    0x0000cc8c   0x0000cc8c   0x0000011c   Code   RO          904    i.am_hal_crc32      libam_hal.lib(am_hal_security.o)
    0x0000cda8   0x0000cda8   0x00000024   Code   RO          709    i.am_hal_flash_delay  libam_hal.lib(am_hal_flash.o)
    0x0000cdcc   0x0000cdcc   0x00000050   Code   RO          710    i.am_hal_flash_delay_status_change  libam_hal.lib(am_hal_flash.o)
    0x0000ce1c   0x0000ce1c   0x0000005c   Code   RO          711    i.am_hal_flash_delay_status_check  libam_hal.lib(am_hal_flash.o)
    0x0000ce78   0x0000ce78   0x00000008   Code   RO          720    i.am_hal_flash_load_ui32  libam_hal.lib(am_hal_flash.o)
    0x0000ce80   0x0000ce80   0x00000028   Code   RO          726    i.am_hal_flash_store_ui32  libam_hal.lib(am_hal_flash.o)
    0x0000cea8   0x0000cea8   0x00000034   Code   RO          779    i.am_hal_gpio_interrupt_clear  libam_hal.lib(am_hal_gpio.o)
    0x0000cedc   0x0000cedc   0x00000040   Code   RO          781    i.am_hal_gpio_interrupt_enable  libam_hal.lib(am_hal_gpio.o)
    0x0000cf1c   0x0000cf1c   0x00000020   Code   RO          782    i.am_hal_gpio_interrupt_register  libam_hal.lib(am_hal_gpio.o)
    0x0000cf3c   0x0000cf3c   0x00000090   Code   RO          784    i.am_hal_gpio_interrupt_service  libam_hal.lib(am_hal_gpio.o)
    0x0000cfcc   0x0000cfcc   0x00000054   Code   RO          785    i.am_hal_gpio_interrupt_status_get  libam_hal.lib(am_hal_gpio.o)
    0x0000d020   0x0000d020   0x00000280   Code   RO          786    i.am_hal_gpio_pinconfig  libam_hal.lib(am_hal_gpio.o)
    0x0000d2a0   0x0000d2a0   0x0000005a   Code   RO          787    i.am_hal_gpio_state_read  libam_hal.lib(am_hal_gpio.o)
    0x0000d2fa   0x0000d2fa   0x00000080   Code   RO          788    i.am_hal_gpio_state_write  libam_hal.lib(am_hal_gpio.o)
    0x0000d37a   0x0000d37a   0x00000002   PAD
    0x0000d37c   0x0000d37c   0x00000320   Code   RO          833    i.am_hal_iom_blocking_transfer  libam_hal.lib(am_hal_iom.o)
    0x0000d69c   0x0000d69c   0x000002a8   Code   RO          834    i.am_hal_iom_configure  libam_hal.lib(am_hal_iom.o)
    0x0000d944   0x0000d944   0x00000100   Code   RO          837    i.am_hal_iom_enable  libam_hal.lib(am_hal_iom.o)
    0x0000da44   0x0000da44   0x00000054   Code   RO          839    i.am_hal_iom_initialize  libam_hal.lib(am_hal_iom.o)
    0x0000da98   0x0000da98   0x000002dc   Code   RO          846    i.am_hal_iom_power_ctrl  libam_hal.lib(am_hal_iom.o)
    0x0000dd74   0x0000dd74   0x00000048   Code   RO         1122    i.am_hal_itm_enable  libam_hal.lib(am_hal_itm.o)
    0x0000ddbc   0x0000ddbc   0x00000030   Code   RO         1124    i.am_hal_itm_print  libam_hal.lib(am_hal_itm.o)
    0x0000ddec   0x0000ddec   0x00000138   Code   RO          890    i.am_hal_mcuctrl_info_get  libam_hal.lib(am_hal_mcuctrl.o)
    0x0000df24   0x0000df24   0x0000019c   Code   RO         1152    i.am_hal_pwrctrl_low_power_init  libam_hal.lib(am_hal_pwrctrl.o)
    0x0000e0c0   0x0000e0c0   0x00000050   Code   RO         1156    i.am_hal_pwrctrl_periph_disable  libam_hal.lib(am_hal_pwrctrl.o)
    0x0000e110   0x0000e110   0x00000050   Code   RO         1157    i.am_hal_pwrctrl_periph_enable  libam_hal.lib(am_hal_pwrctrl.o)
    0x0000e160   0x0000e160   0x00000016   Code   RO         1174    i.am_hal_queue_init  libam_hal.lib(am_hal_queue.o)
    0x0000e176   0x0000e176   0x000000a4   Code   RO         1175    i.am_hal_queue_item_add  libam_hal.lib(am_hal_queue.o)
    0x0000e21a   0x0000e21a   0x00000098   Code   RO         1176    i.am_hal_queue_item_get  libam_hal.lib(am_hal_queue.o)
    0x0000e2b2   0x0000e2b2   0x00000012   Code   RO         1216    i.am_hal_rtc_osc_disable  libam_hal.lib(am_hal_rtc.o)
    0x0000e2c4   0x0000e2c4   0x00000090   Code   RO         1247    i.am_hal_tpiu_enable  libam_hal.lib(am_hal_tpiu.o)
    0x0000e354   0x0000e354   0x00000258   Code   RO          922    i.am_hal_uart_configure  libam_hal.lib(am_hal_uart.o)
    0x0000e5ac   0x0000e5ac   0x00000054   Code   RO          927    i.am_hal_uart_initialize  libam_hal.lib(am_hal_uart.o)
    0x0000e600   0x0000e600   0x00000030   Code   RO          928    i.am_hal_uart_interrupt_clear  libam_hal.lib(am_hal_uart.o)
    0x0000e630   0x0000e630   0x00000034   Code   RO          930    i.am_hal_uart_interrupt_enable  libam_hal.lib(am_hal_uart.o)
    0x0000e664   0x0000e664   0x0000016c   Code   RO          932    i.am_hal_uart_interrupt_service  libam_hal.lib(am_hal_uart.o)
    0x0000e7d0   0x0000e7d0   0x0000003c   Code   RO          933    i.am_hal_uart_interrupt_status_get  libam_hal.lib(am_hal_uart.o)
    0x0000e80c   0x0000e80c   0x000000ec   Code   RO          934    i.am_hal_uart_power_control  libam_hal.lib(am_hal_uart.o)
    0x0000e8f8   0x0000e8f8   0x00000354   Code   RO          935    i.am_hal_uart_transfer  libam_hal.lib(am_hal_uart.o)
    0x0000ec4c   0x0000ec4c   0x000000c4   Code   RO            7    i.am_uart_isr       uart_boot_host.o
    0x0000ed10   0x0000ed10   0x00000020   Code   RO          327    i.am_util_delay_ms  am_util_delay.o
    0x0000ed30   0x0000ed30   0x00000024   Code   RO          328    i.am_util_delay_us  am_util_delay.o
    0x0000ed54   0x0000ed54   0x000000b8   Code   RO          530    i.am_util_faultisr_collect_data  am_util_faultisr.o
    0x0000ee0c   0x0000ee0c   0x0000003c   Code   RO          554    i.am_util_stdio_printf  am_util_stdio.o
    0x0000ee48   0x0000ee48   0x0000000c   Code   RO          555    i.am_util_stdio_printf_init  am_util_stdio.o
    0x0000ee54   0x0000ee54   0x000003b4   Code   RO          560    i.am_util_stdio_vsprintf  am_util_stdio.o
    0x0000f208   0x0000f208   0x00000042   Code   RO          561    i.decstr_to_int     am_util_stdio.o
    0x0000f24a   0x0000f24a   0x000000cc   Code   RO          562    i.divu64_10         am_util_stdio.o
    0x0000f316   0x0000f316   0x00000002   PAD
    0x0000f318   0x0000f318   0x00000178   Code   RO          563    i.ftoa              am_util_stdio.o
    0x0000f490   0x0000f490   0x0000000c   Code   RO            8    i.hostint_handler   uart_boot_host.o
    0x0000f49c   0x0000f49c   0x0000012c   Code   RO          850    i.internal_iom_reset_on_error  libam_hal.lib(am_hal_iom.o)
    0x0000f5c8   0x0000f5c8   0x000000a4   Code   RO            9    i.iom_set_up        uart_boot_host.o
    0x0000f66c   0x0000f66c   0x00000044   Code   RO           10    i.iom_slave_read    uart_boot_host.o
    0x0000f6b0   0x0000f6b0   0x00000044   Code   RO           11    i.iom_slave_write   uart_boot_host.o
    0x0000f6f4   0x0000f6f4   0x00000538   Code   RO           12    i.main              uart_boot_host.o
    0x0000fc2c   0x0000fc2c   0x00000034   Code   RO          564    i.ndigits_in_hex    am_util_stdio.o
    0x0000fc60   0x0000fc60   0x00000024   Code   RO          565    i.ndigits_in_i64    am_util_stdio.o
    0x0000fc84   0x0000fc84   0x0000003a   Code   RO          566    i.ndigits_in_u64    am_util_stdio.o
    0x0000fcbe   0x0000fcbe   0x00000022   Code   RO          567    i.padbuffer         am_util_stdio.o
    0x0000fce0   0x0000fce0   0x00000128   Code   RO          937    i.read_nonblocking  libam_hal.lib(am_hal_uart.o)
    0x0000fe08   0x0000fe08   0x00000078   Code   RO           14    i.send_hello        uart_boot_host.o
    0x0000fe80   0x0000fe80   0x00000018   Code   RO          568    i.simple_strlen     am_util_stdio.o
    0x0000fe98   0x0000fe98   0x00000060   Code   RO           16    i.start_boot_mode   uart_boot_host.o
    0x0000fef8   0x0000fef8   0x00000070   Code   RO           17    i.uart_set_up       uart_boot_host.o
    0x0000ff68   0x0000ff68   0x0000008a   Code   RO          569    i.uint64_to_hexstr  am_util_stdio.o
    0x0000fff2   0x0000fff2   0x00000070   Code   RO          570    i.uint64_to_str     am_util_stdio.o
    0x00010062   0x00010062   0x00000002   PAD
    0x00010064   0x00010064   0x00000080   Code   RO          854    i.validate_transaction  libam_hal.lib(am_hal_iom.o)
    0x000100e4   0x000100e4   0x00000110   Code   RO          938    i.write_nonblocking  libam_hal.lib(am_hal_uart.o)
    0x000101f4   0x000101f4   0x00000062   Code   RO         1295    x$fpl$d2f           fz_wm.l(d2f.o)
    0x00010256   0x00010256   0x0000009c   Code   RO         1298    x$fpl$dnaninf       fz_wm.l(dnaninf.o)
    0x000102f2   0x000102f2   0x0000000a   Code   RO         1387    x$fpl$fpinit        fz_wm.l(fpinit.o)
    0x000102fc   0x000102fc   0x0000000a   Code   RO         1300    x$fpl$fretinf       fz_wm.l(fretinf.o)
    0x00010306   0x00010306   0x00000000   Code   RO         1302    x$fpl$usenofp       fz_wm.l(usenofp.o)
    0x00010306   0x00010306   0x00000002   PAD
    0x00010308   0x00010308   0x00000054   Data   RO           19    .constdata          uart_boot_host.o
    0x0001035c   0x0001035c   0x0000000c   Data   RO          738    .constdata          libam_hal.lib(am_hal_flash.o)
    0x00010368   0x00010368   0x00000162   Data   RO          790    .constdata          libam_hal.lib(am_hal_gpio.o)
    0x000104ca   0x000104ca   0x00000002   PAD
    0x000104cc   0x000104cc   0x00000004   Data   RO          793    .constdata          libam_hal.lib(am_hal_gpio.o)
    0x000104d0   0x000104d0   0x00000004   Data   RO          798    .constdata          libam_hal.lib(am_hal_gpio.o)
    0x000104d4   0x000104d4   0x00000080   Data   RO          892    .constdata          libam_hal.lib(am_hal_mcuctrl.o)
    0x00010554   0x00010554   0x00000004   Data   RO         1017    .constdata          libam_bsp.lib(am_bsp_pins.o)
    0x00010558   0x00010558   0x00000004   Data   RO         1018    .constdata          libam_bsp.lib(am_bsp_pins.o)
    0x0001055c   0x0001055c   0x00000004   Data   RO         1025    .constdata          libam_bsp.lib(am_bsp_pins.o)
    0x00010560   0x00010560   0x00000004   Data   RO         1027    .constdata          libam_bsp.lib(am_bsp_pins.o)
    0x00010564   0x00010564   0x00000004   Data   RO         1028    .constdata          libam_bsp.lib(am_bsp_pins.o)
    0x00010568   0x00010568   0x00000004   Data   RO         1029    .constdata          libam_bsp.lib(am_bsp_pins.o)
    0x0001056c   0x0001056c   0x00000004   Data   RO         1030    .constdata          libam_bsp.lib(am_bsp_pins.o)
    0x00010570   0x00010570   0x00000004   Data   RO         1031    .constdata          libam_bsp.lib(am_bsp_pins.o)
    0x00010574   0x00010574   0x00000004   Data   RO         1032    .constdata          libam_bsp.lib(am_bsp_pins.o)
    0x00010578   0x00010578   0x00000004   Data   RO         1033    .constdata          libam_bsp.lib(am_bsp_pins.o)
    0x0001057c   0x0001057c   0x00000004   Data   RO         1034    .constdata          libam_bsp.lib(am_bsp_pins.o)
    0x00010580   0x00010580   0x00000004   Data   RO         1035    .constdata          libam_bsp.lib(am_bsp_pins.o)
    0x00010584   0x00010584   0x00000004   Data   RO         1036    .constdata          libam_bsp.lib(am_bsp_pins.o)
    0x00010588   0x00010588   0x00000004   Data   RO         1037    .constdata          libam_bsp.lib(am_bsp_pins.o)
    0x0001058c   0x0001058c   0x00000004   Data   RO         1038    .constdata          libam_bsp.lib(am_bsp_pins.o)
    0x00010590   0x00010590   0x00000004   Data   RO         1039    .constdata          libam_bsp.lib(am_bsp_pins.o)
    0x00010594   0x00010594   0x00000004   Data   RO         1040    .constdata          libam_bsp.lib(am_bsp_pins.o)
    0x00010598   0x00010598   0x00000004   Data   RO         1041    .constdata          libam_bsp.lib(am_bsp_pins.o)
    0x0001059c   0x0001059c   0x00000004   Data   RO         1042    .constdata          libam_bsp.lib(am_bsp_pins.o)
    0x000105a0   0x000105a0   0x00000004   Data   RO         1043    .constdata          libam_bsp.lib(am_bsp_pins.o)
    0x000105a4   0x000105a4   0x00000004   Data   RO         1044    .constdata          libam_bsp.lib(am_bsp_pins.o)
    0x000105a8   0x000105a8   0x00000004   Data   RO         1045    .constdata          libam_bsp.lib(am_bsp_pins.o)
    0x000105ac   0x000105ac   0x00000004   Data   RO         1046    .constdata          libam_bsp.lib(am_bsp_pins.o)
    0x000105b0   0x000105b0   0x00000004   Data   RO         1047    .constdata          libam_bsp.lib(am_bsp_pins.o)
    0x000105b4   0x000105b4   0x00000004   Data   RO         1048    .constdata          libam_bsp.lib(am_bsp_pins.o)
    0x000105b8   0x000105b8   0x00000004   Data   RO         1049    .constdata          libam_bsp.lib(am_bsp_pins.o)
    0x000105bc   0x000105bc   0x00000004   Data   RO         1050    .constdata          libam_bsp.lib(am_bsp_pins.o)
    0x000105c0   0x000105c0   0x00000004   Data   RO         1051    .constdata          libam_bsp.lib(am_bsp_pins.o)
    0x000105c4   0x000105c4   0x00000004   Data   RO         1052    .constdata          libam_bsp.lib(am_bsp_pins.o)
    0x000105c8   0x000105c8   0x00000004   Data   RO         1053    .constdata          libam_bsp.lib(am_bsp_pins.o)
    0x000105cc   0x000105cc   0x00000004   Data   RO         1054    .constdata          libam_bsp.lib(am_bsp_pins.o)
    0x000105d0   0x000105d0   0x00000004   Data   RO         1055    .constdata          libam_bsp.lib(am_bsp_pins.o)
    0x000105d4   0x000105d4   0x00000004   Data   RO         1056    .constdata          libam_bsp.lib(am_bsp_pins.o)
    0x000105d8   0x000105d8   0x00000004   Data   RO         1057    .constdata          libam_bsp.lib(am_bsp_pins.o)
    0x000105dc   0x000105dc   0x00000004   Data   RO         1058    .constdata          libam_bsp.lib(am_bsp_pins.o)
    0x000105e0   0x000105e0   0x00000004   Data   RO         1059    .constdata          libam_bsp.lib(am_bsp_pins.o)
    0x000105e4   0x000105e4   0x00000004   Data   RO         1060    .constdata          libam_bsp.lib(am_bsp_pins.o)
    0x000105e8   0x000105e8   0x00000004   Data   RO         1061    .constdata          libam_bsp.lib(am_bsp_pins.o)
    0x000105ec   0x000105ec   0x00000004   Data   RO         1079    .constdata          libam_bsp.lib(am_bsp_pins.o)
    0x000105f0   0x000105f0   0x00000140   Data   RO         1102    .constdata          libam_hal.lib(am_hal_cmdq.o)
    0x00010730   0x00010730   0x00000264   Data   RO         1159    .constdata          libam_hal.lib(am_hal_pwrctrl.o)
    0x00010994   0x00010994   0x00000020   Data   RO         1455    Region$$Table       anon$$obj.o
    0x000109b4   0x000109b4   0x00003620   Data   RO          322    _IMGData            img_data.o


    Execution Region SRAM (Exec base: 0x10000000, Load base: 0x00013fd4, Size: 0x0000bc10, Max: 0x00060000, ABSOLUTE)

    Exec Addr    Load Addr    Size         Type   Attr      Idx    E Section Name        Object

    0x10000000   0x00013fd4   0x0000003c   Data   RW           20    .data               uart_boot_host.o
    0x1000003c   0x00014010   0x00000005   Data   RW          572    .data               am_util_stdio.o
    0x10000041   0x00014015   0x00000003   PAD
    0x10000044   0x00014018   0x00000004   Data   RW          674    .data               libam_hal.lib(am_hal_global.o)
    0x10000048   0x0001401c   0x00000058   Data   RW          984    .data               libam_bsp.lib(am_bsp.o)
    0x100000a0   0x00014074   0x00000004   Data   RW         1193    .data               libam_hal.lib(am_hal_reset.o)
    0x100000a4   0x00014078   0x00000004   PAD
    0x100000a8        -       0x00001000   Zero   RW          659    STACK               startup_keil.o
    0x100010a8        -       0x00006878   Zero   RW           18    .bss                uart_boot_host.o
    0x10007920        -       0x00000100   Zero   RW          571    .bss                am_util_stdio.o
    0x10007a20        -       0x00000190   Zero   RW          789    .bss                libam_hal.lib(am_hal_gpio.o)
    0x10007bb0        -       0x000033d8   Zero   RW          855    .bss                libam_hal.lib(am_hal_iom.o)
    0x1000af88        -       0x00000200   Zero   RW          908    .bss                libam_hal.lib(am_hal_security.o)
    0x1000b188        -       0x000000c8   Zero   RW          939    .bss                libam_hal.lib(am_hal_uart.o)
    0x1000b250        -       0x00000400   Zero   RW          981    .bss                libam_bsp.lib(am_bsp.o)
    0x1000b650        -       0x00000400   Zero   RW          982    .bss                libam_bsp.lib(am_bsp.o)
    0x1000ba50        -       0x00000160   Zero   RW         1101    .bss                libam_hal.lib(am_hal_cmdq.o)
    0x1000bbb0        -       0x00000060   Zero   RW         1329    .bss                c_w.l(libspace.o)
    0x1000bc10        -       0x00000000   Zero   RW          660    HEAP                startup_keil.o


==============================================================================

Image component sizes


      Code (inc. data)   RO Data    RW Data    ZI Data      Debug   Object Name

        68          6          0          0          0       7302   am_util_delay.o
       218          4          0          0          0       2088   am_util_faultisr.o
      2120         38          0          5        256      12957   am_util_stdio.o
         0          0      13856          0          0          0   img_data.o
       336        276          0          0       4096       1320   startup_keil.o
      2294        674         84         60      26744     505843   uart_boot_host.o

    ----------------------------------------------------------------------
      5044        998      13972         68      31096     529510   Object Totals
         0          0         32          0          0          0   (incl. Generated)
         8          0          0          3          0          0   (incl. Padding)

    ----------------------------------------------------------------------

      Code (inc. data)   RO Data    RW Data    ZI Data      Debug   Library Member Name

         8          0          0          0          0         68   __main.o
         0          0          0          0          0          0   __rtentry.o
        12          0          0          0          0          0   __rtentry2.o
         6          0          0          0          0          0   __rtentry4.o
        52          8          0          0          0          0   __scatter.o
        26          0          0          0          0          0   __scatter_copy.o
        28          0          0          0          0          0   __scatter_zi.o
        18          0          0          0          0         80   exit.o
         6          0          0          0          0        152   heapauxi.o
         0          0          0          0          0          0   indicate_semi.o
         2          0          0          0          0          0   libinit.o
         6          0          0          0          0          0   libinit2.o
         2          0          0          0          0          0   libshutdown.o
         2          0          0          0          0          0   libshutdown2.o
         8          4          0          0         96         68   libspace.o
        38          0          0          0          0         68   llushr.o
        78          0          0          0          0         80   rt_memclr_w.o
       138          0          0          0          0         68   rt_memcpy_v6.o
       100          0          0          0          0         80   rt_memcpy_w.o
         2          0          0          0          0          0   rtexit.o
        10          0          0          0          0          0   rtexit2.o
        12          4          0          0          0         68   sys_exit.o
        74          0          0          0          0         80   sys_stackheap_outer.o
         2          0          0          0          0         68   use_no_semi.o
        98          4          0          0          0        140   d2f.o
       156          4          0          0          0        140   dnaninf.o
        10          0          0          0          0        116   fpinit.o
        10          0          0          0          0        116   fretinf.o
         0          0          0          0          0          0   usenofp.o
       728        194          0         88       2048        480   am_bsp.o
         0          0        156          0          0          0   am_bsp_pins.o
       720         28          0          0          0        128   am_hal_cachectrl.o
       304         34          0          0          0        240   am_hal_clkgen.o
       304         18        320          0        352        256   am_hal_cmdq.o
       256         26         12          0          0        632   am_hal_flash.o
         0          0          0          4          0          0   am_hal_global.o
      1234         86        362          0        400       1072   am_hal_gpio.o
        22          0          0          0          0        148   am_hal_interrupt.o
      2980        108          0          0      13272       1000   am_hal_iom.o
       120         28          0          0          0        232   am_hal_itm.o
       312         34        128          0          0        116   am_hal_mcuctrl.o
       572         44        612          0          0        400   am_hal_pwrctrl.o
       338          0          0          0          0        380   am_hal_queue.o
         0          0          0          4          0          0   am_hal_reset.o
        18          0          0          0          0        116   am_hal_rtc.o
       284         22          0          0        512        136   am_hal_security.o
       144         22          0          0          0        140   am_hal_tpiu.o
      2864         90          0          0        200       1388   am_hal_uart.o

    ----------------------------------------------------------------------
     12116        758       1592         96      16884       8256   Library Totals
        12          0          2          0          4          0   (incl. Padding)

    ----------------------------------------------------------------------

      Code (inc. data)   RO Data    RW Data    ZI Data      Debug   Library Name

       630         16          0          0         96        880   c_w.l
       274          8          0          0          0        512   fz_wm.l
       728        194        156         88       2048        480   libam_bsp.lib
     10472        540       1434          8      14736       6384   libam_hal.lib

    ----------------------------------------------------------------------
     12116        758       1592         96      16884       8256   Library Totals

    ----------------------------------------------------------------------

==============================================================================


      Code (inc. data)   RO Data    RW Data    ZI Data      Debug   

     17160       1756      15564        164      47980     529602   Grand Totals
     17160       1756      15564        164      47980     529602   ELF Image Totals
     17160       1756      15564        164          0          0   ROM Totals

==============================================================================

    Total RO  Size (Code + RO Data)                32724 (  31.96kB)
    Total RW  Size (RW Data + ZI Data)             48144 (  47.02kB)
    Total ROM Size (Code + RO Data + RW Data)      32888 (  32.12kB)

==============================================================================

